// Jest Snapshot v1, https://goo.gl/fbAQLP

exports[`Header Component Snapshot Should match snapshot 1`] = `
ReactWrapper {
  Symbol(enzyme.__renderer__): Object {
    "batchedUpdates": [Function],
    "getNode": [Function],
    "getWrappingComponentRenderer": [Function],
    "render": [Function],
    "simulateError": [Function],
    "simulateEvent": [Function],
    "unmount": [Function],
    "wrapInvoke": [Function],
  },
  Symbol(enzyme.__root__): [Circular],
  Symbol(enzyme.__node__): Object {
    "instance": HeaderComponent {
      "_reactInternalFiber": FiberNode {
        "_debugHookTypes": null,
        "_debugID": 130,
        "_debugIsCurrentlyTiming": false,
        "_debugNeedsRemount": false,
        "_debugOwner": FiberNode {
          "_debugHookTypes": null,
          "_debugID": 128,
          "_debugIsCurrentlyTiming": false,
          "_debugNeedsRemount": false,
          "_debugOwner": null,
          "_debugSource": null,
          "actualDuration": 0,
          "actualStartTime": -1,
          "alternate": null,
          "child": [Circular],
          "childExpirationTime": 0,
          "dependencies": null,
          "effectTag": 1,
          "elementType": [Function],
          "expirationTime": 0,
          "firstEffect": null,
          "index": 0,
          "key": null,
          "lastEffect": null,
          "memoizedProps": Object {
            "Component": [Function],
            "context": null,
            "props": Object {},
            "refProp": null,
            "wrappingComponentProps": null,
          },
          "memoizedState": Object {
            "context": null,
            "mount": true,
            "props": Object {},
            "wrappingComponentProps": null,
          },
          "mode": 0,
          "nextEffect": null,
          "pendingProps": Object {
            "Component": [Function],
            "context": null,
            "props": Object {},
            "refProp": null,
            "wrappingComponentProps": null,
          },
          "ref": null,
          "return": FiberNode {
            "_debugHookTypes": null,
            "_debugID": 125,
            "_debugIsCurrentlyTiming": false,
            "_debugNeedsRemount": false,
            "_debugOwner": null,
            "_debugSource": null,
            "actualDuration": 0,
            "actualStartTime": -1,
            "alternate": FiberNode {
              "_debugHookTypes": null,
              "_debugID": 125,
              "_debugIsCurrentlyTiming": false,
              "_debugNeedsRemount": false,
              "_debugOwner": null,
              "_debugSource": null,
              "actualDuration": 0,
              "actualStartTime": -1,
              "alternate": [Circular],
              "child": null,
              "childExpirationTime": 0,
              "dependencies": null,
              "effectTag": 0,
              "elementType": null,
              "expirationTime": 1073741823,
              "firstEffect": null,
              "index": 0,
              "key": null,
              "lastEffect": null,
              "memoizedProps": null,
              "memoizedState": null,
              "mode": 0,
              "nextEffect": null,
              "pendingProps": null,
              "ref": null,
              "return": null,
              "selfBaseDuration": 0,
              "sibling": null,
              "stateNode": FiberRootNode {
                "callbackExpirationTime": 0,
                "callbackNode": null,
                "callbackPriority": 90,
                "containerInfo": <div>
                  <header>
                    <h1>
                      Trabalhe no Elo7
                    </h1>
                    <p>
                      Lorem ipsum dolor sit amet, consectetur adipisci elit, sed eiusmod tempor incidunt ut labore et dolore magna aliqua. Ut enim ad minim veniam, quis nostrum exercitationem ullam corporis suscipit laboriosam, nisi ut aliquid.
                    </p>
                    <hr />
                    <a
                      href="#jobs"
                    >
                      VAGAS EM ABERTO 
                      <span>
                        &gt;&gt;
                      </span>
                    </a>
                  </header>
                </div>,
                "context": Object {},
                "current": [Circular],
                "finishedExpirationTime": 0,
                "finishedWork": null,
                "firstPendingTime": 0,
                "firstSuspendedTime": 0,
                "hydrate": false,
                "interactionThreadID": 17,
                "lastExpiredTime": 0,
                "lastPingedTime": 0,
                "lastSuspendedTime": 0,
                "memoizedInteractions": Set {},
                "nextKnownPendingLevel": 0,
                "pendingChildren": null,
                "pendingContext": null,
                "pendingInteractionMap": Map {},
                "pingCache": null,
                "tag": 0,
                "timeoutHandle": -1,
              },
              "tag": 3,
              "treeBaseDuration": 0,
              "type": null,
              "updateQueue": Object {
                "baseState": null,
                "firstCapturedEffect": null,
                "firstCapturedUpdate": null,
                "firstEffect": null,
                "firstUpdate": Object {
                  "callback": null,
                  "expirationTime": 1073741823,
                  "next": null,
                  "nextEffect": null,
                  "payload": Object {
                    "element": <WrapperComponent
                      Component={[Function]}
                      context={null}
                      props={Object {}}
                      refProp={null}
                      wrappingComponentProps={null}
                    />,
                  },
                  "priority": 97,
                  "suspenseConfig": null,
                  "tag": 0,
                },
                "lastCapturedEffect": null,
                "lastCapturedUpdate": null,
                "lastEffect": null,
                "lastUpdate": Object {
                  "callback": null,
                  "expirationTime": 1073741823,
                  "next": null,
                  "nextEffect": null,
                  "payload": Object {
                    "element": <WrapperComponent
                      Component={[Function]}
                      context={null}
                      props={Object {}}
                      refProp={null}
                      wrappingComponentProps={null}
                    />,
                  },
                  "priority": 97,
                  "suspenseConfig": null,
                  "tag": 0,
                },
              },
            },
            "child": [Circular],
            "childExpirationTime": 0,
            "dependencies": null,
            "effectTag": 0,
            "elementType": null,
            "expirationTime": 0,
            "firstEffect": [Circular],
            "index": 0,
            "key": null,
            "lastEffect": [Circular],
            "memoizedProps": null,
            "memoizedState": Object {
              "element": <WrapperComponent
                Component={[Function]}
                context={null}
                props={Object {}}
                refProp={null}
                wrappingComponentProps={null}
              />,
            },
            "mode": 0,
            "nextEffect": null,
            "pendingProps": null,
            "ref": null,
            "return": null,
            "selfBaseDuration": 0,
            "sibling": null,
            "stateNode": FiberRootNode {
              "callbackExpirationTime": 0,
              "callbackNode": null,
              "callbackPriority": 90,
              "containerInfo": <div>
                <header>
                  <h1>
                    Trabalhe no Elo7
                  </h1>
                  <p>
                    Lorem ipsum dolor sit amet, consectetur adipisci elit, sed eiusmod tempor incidunt ut labore et dolore magna aliqua. Ut enim ad minim veniam, quis nostrum exercitationem ullam corporis suscipit laboriosam, nisi ut aliquid.
                  </p>
                  <hr />
                  <a
                    href="#jobs"
                  >
                    VAGAS EM ABERTO 
                    <span>
                      &gt;&gt;
                    </span>
                  </a>
                </header>
              </div>,
              "context": Object {},
              "current": [Circular],
              "finishedExpirationTime": 0,
              "finishedWork": null,
              "firstPendingTime": 0,
              "firstSuspendedTime": 0,
              "hydrate": false,
              "interactionThreadID": 17,
              "lastExpiredTime": 0,
              "lastPingedTime": 0,
              "lastSuspendedTime": 0,
              "memoizedInteractions": Set {},
              "nextKnownPendingLevel": 0,
              "pendingChildren": null,
              "pendingContext": null,
              "pendingInteractionMap": Map {},
              "pingCache": null,
              "tag": 0,
              "timeoutHandle": -1,
            },
            "tag": 3,
            "treeBaseDuration": 0,
            "type": null,
            "updateQueue": Object {
              "baseState": Object {
                "element": <WrapperComponent
                  Component={[Function]}
                  context={null}
                  props={Object {}}
                  refProp={null}
                  wrappingComponentProps={null}
                />,
              },
              "firstCapturedEffect": null,
              "firstCapturedUpdate": null,
              "firstEffect": null,
              "firstUpdate": null,
              "lastCapturedEffect": null,
              "lastCapturedUpdate": null,
              "lastEffect": null,
              "lastUpdate": null,
            },
          },
          "selfBaseDuration": 0,
          "sibling": null,
          "stateNode": WrapperComponent {
            "_reactInternalFiber": [Circular],
            "_reactInternalInstance": Object {},
            "context": Object {},
            "props": Object {
              "Component": [Function],
              "context": null,
              "props": Object {},
              "refProp": null,
              "wrappingComponentProps": null,
            },
            "refs": Object {},
            "state": Object {
              "context": null,
              "mount": true,
              "props": Object {},
              "wrappingComponentProps": null,
            },
            "updater": Object {
              "enqueueForceUpdate": [Function],
              "enqueueReplaceState": [Function],
              "enqueueSetState": [Function],
              "isMounted": [Function],
            },
          },
          "tag": 1,
          "treeBaseDuration": 0,
          "type": [Function],
          "updateQueue": null,
        },
        "_debugSource": null,
        "actualDuration": 0,
        "actualStartTime": -1,
        "alternate": null,
        "child": FiberNode {
          "_debugHookTypes": null,
          "_debugID": 132,
          "_debugIsCurrentlyTiming": false,
          "_debugNeedsRemount": false,
          "_debugOwner": [Circular],
          "_debugSource": null,
          "actualDuration": 0,
          "actualStartTime": -1,
          "alternate": null,
          "child": FiberNode {
            "_debugHookTypes": null,
            "_debugID": 134,
            "_debugIsCurrentlyTiming": false,
            "_debugNeedsRemount": false,
            "_debugOwner": [Circular],
            "_debugSource": null,
            "actualDuration": 0,
            "actualStartTime": -1,
            "alternate": null,
            "child": null,
            "childExpirationTime": 0,
            "dependencies": null,
            "effectTag": 0,
            "elementType": "h1",
            "expirationTime": 0,
            "firstEffect": null,
            "index": 0,
            "key": null,
            "lastEffect": null,
            "memoizedProps": Object {
              "children": "Trabalhe no Elo7",
            },
            "memoizedState": null,
            "mode": 0,
            "nextEffect": null,
            "pendingProps": Object {
              "children": "Trabalhe no Elo7",
            },
            "ref": null,
            "return": [Circular],
            "selfBaseDuration": 0,
            "sibling": FiberNode {
              "_debugHookTypes": null,
              "_debugID": 135,
              "_debugIsCurrentlyTiming": false,
              "_debugNeedsRemount": false,
              "_debugOwner": [Circular],
              "_debugSource": null,
              "actualDuration": 0,
              "actualStartTime": -1,
              "alternate": null,
              "child": null,
              "childExpirationTime": 0,
              "dependencies": null,
              "effectTag": 0,
              "elementType": "p",
              "expirationTime": 0,
              "firstEffect": null,
              "index": 1,
              "key": null,
              "lastEffect": null,
              "memoizedProps": Object {
                "children": "Lorem ipsum dolor sit amet, consectetur adipisci elit, sed eiusmod tempor incidunt ut labore et dolore magna aliqua. Ut enim ad minim veniam, quis nostrum exercitationem ullam corporis suscipit laboriosam, nisi ut aliquid.",
              },
              "memoizedState": null,
              "mode": 0,
              "nextEffect": null,
              "pendingProps": Object {
                "children": "Lorem ipsum dolor sit amet, consectetur adipisci elit, sed eiusmod tempor incidunt ut labore et dolore magna aliqua. Ut enim ad minim veniam, quis nostrum exercitationem ullam corporis suscipit laboriosam, nisi ut aliquid.",
              },
              "ref": null,
              "return": [Circular],
              "selfBaseDuration": 0,
              "sibling": FiberNode {
                "_debugHookTypes": null,
                "_debugID": 136,
                "_debugIsCurrentlyTiming": false,
                "_debugNeedsRemount": false,
                "_debugOwner": [Circular],
                "_debugSource": null,
                "actualDuration": 0,
                "actualStartTime": -1,
                "alternate": null,
                "child": null,
                "childExpirationTime": 0,
                "dependencies": null,
                "effectTag": 0,
                "elementType": "hr",
                "expirationTime": 0,
                "firstEffect": null,
                "index": 2,
                "key": null,
                "lastEffect": null,
                "memoizedProps": Object {},
                "memoizedState": null,
                "mode": 0,
                "nextEffect": null,
                "pendingProps": Object {},
                "ref": null,
                "return": [Circular],
                "selfBaseDuration": 0,
                "sibling": FiberNode {
                  "_debugHookTypes": null,
                  "_debugID": 137,
                  "_debugIsCurrentlyTiming": false,
                  "_debugNeedsRemount": false,
                  "_debugOwner": [Circular],
                  "_debugSource": null,
                  "actualDuration": 0,
                  "actualStartTime": -1,
                  "alternate": null,
                  "child": FiberNode {
                    "_debugHookTypes": null,
                    "_debugID": 142,
                    "_debugIsCurrentlyTiming": false,
                    "_debugNeedsRemount": false,
                    "_debugOwner": null,
                    "_debugSource": null,
                    "actualDuration": 0,
                    "actualStartTime": -1,
                    "alternate": null,
                    "child": null,
                    "childExpirationTime": 0,
                    "dependencies": null,
                    "effectTag": 0,
                    "elementType": null,
                    "expirationTime": 0,
                    "firstEffect": null,
                    "index": 0,
                    "key": null,
                    "lastEffect": null,
                    "memoizedProps": "VAGAS EM ABERTO ",
                    "memoizedState": null,
                    "mode": 0,
                    "nextEffect": null,
                    "pendingProps": "VAGAS EM ABERTO ",
                    "ref": null,
                    "return": [Circular],
                    "selfBaseDuration": 0,
                    "sibling": FiberNode {
                      "_debugHookTypes": null,
                      "_debugID": 143,
                      "_debugIsCurrentlyTiming": false,
                      "_debugNeedsRemount": false,
                      "_debugOwner": [Circular],
                      "_debugSource": null,
                      "actualDuration": 0,
                      "actualStartTime": -1,
                      "alternate": null,
                      "child": null,
                      "childExpirationTime": 0,
                      "dependencies": null,
                      "effectTag": 0,
                      "elementType": "span",
                      "expirationTime": 0,
                      "firstEffect": null,
                      "index": 1,
                      "key": null,
                      "lastEffect": null,
                      "memoizedProps": Object {
                        "children": ">>",
                      },
                      "memoizedState": null,
                      "mode": 0,
                      "nextEffect": null,
                      "pendingProps": Object {
                        "children": ">>",
                      },
                      "ref": null,
                      "return": [Circular],
                      "selfBaseDuration": 0,
                      "sibling": null,
                      "stateNode": <span>
                        &gt;&gt;
                      </span>,
                      "tag": 5,
                      "treeBaseDuration": 0,
                      "type": "span",
                      "updateQueue": null,
                    },
                    "stateNode": VAGAS EM ABERTO ,
                    "tag": 6,
                    "treeBaseDuration": 0,
                    "type": null,
                    "updateQueue": null,
                  },
                  "childExpirationTime": 0,
                  "dependencies": null,
                  "effectTag": 0,
                  "elementType": "a",
                  "expirationTime": 0,
                  "firstEffect": null,
                  "index": 3,
                  "key": null,
                  "lastEffect": null,
                  "memoizedProps": Object {
                    "children": Array [
                      "VAGAS EM ABERTO ",
                      <span>
                        &gt;&gt;
                      </span>,
                    ],
                    "href": "#jobs",
                  },
                  "memoizedState": null,
                  "mode": 0,
                  "nextEffect": null,
                  "pendingProps": Object {
                    "children": Array [
                      "VAGAS EM ABERTO ",
                      <span>
                        &gt;&gt;
                      </span>,
                    ],
                    "href": "#jobs",
                  },
                  "ref": null,
                  "return": [Circular],
                  "selfBaseDuration": 0,
                  "sibling": null,
                  "stateNode": <a
                    href="#jobs"
                  >
                    VAGAS EM ABERTO 
                    <span>
                      &gt;&gt;
                    </span>
                  </a>,
                  "tag": 5,
                  "treeBaseDuration": 0,
                  "type": "a",
                  "updateQueue": null,
                },
                "stateNode": <hr />,
                "tag": 5,
                "treeBaseDuration": 0,
                "type": "hr",
                "updateQueue": null,
              },
              "stateNode": <p>
                Lorem ipsum dolor sit amet, consectetur adipisci elit, sed eiusmod tempor incidunt ut labore et dolore magna aliqua. Ut enim ad minim veniam, quis nostrum exercitationem ullam corporis suscipit laboriosam, nisi ut aliquid.
              </p>,
              "tag": 5,
              "treeBaseDuration": 0,
              "type": "p",
              "updateQueue": null,
            },
            "stateNode": <h1>
              Trabalhe no Elo7
            </h1>,
            "tag": 5,
            "treeBaseDuration": 0,
            "type": "h1",
            "updateQueue": null,
          },
          "childExpirationTime": 0,
          "dependencies": null,
          "effectTag": 0,
          "elementType": "header",
          "expirationTime": 0,
          "firstEffect": null,
          "index": 0,
          "key": null,
          "lastEffect": null,
          "memoizedProps": Object {
            "children": Array [
              <h1>
                Trabalhe no Elo7
              </h1>,
              <p>
                Lorem ipsum dolor sit amet, consectetur adipisci elit, sed eiusmod tempor incidunt ut labore et dolore magna aliqua. Ut enim ad minim veniam, quis nostrum exercitationem ullam corporis suscipit laboriosam, nisi ut aliquid.
              </p>,
              <hr />,
              <a
                href="#jobs"
              >
                VAGAS EM ABERTO 
                <span>
                  &gt;&gt;
                </span>
              </a>,
            ],
          },
          "memoizedState": null,
          "mode": 0,
          "nextEffect": null,
          "pendingProps": Object {
            "children": Array [
              <h1>
                Trabalhe no Elo7
              </h1>,
              <p>
                Lorem ipsum dolor sit amet, consectetur adipisci elit, sed eiusmod tempor incidunt ut labore et dolore magna aliqua. Ut enim ad minim veniam, quis nostrum exercitationem ullam corporis suscipit laboriosam, nisi ut aliquid.
              </p>,
              <hr />,
              <a
                href="#jobs"
              >
                VAGAS EM ABERTO 
                <span>
                  &gt;&gt;
                </span>
              </a>,
            ],
          },
          "ref": null,
          "return": [Circular],
          "selfBaseDuration": 0,
          "sibling": null,
          "stateNode": <header>
            <h1>
              Trabalhe no Elo7
            </h1>
            <p>
              Lorem ipsum dolor sit amet, consectetur adipisci elit, sed eiusmod tempor incidunt ut labore et dolore magna aliqua. Ut enim ad minim veniam, quis nostrum exercitationem ullam corporis suscipit laboriosam, nisi ut aliquid.
            </p>
            <hr />
            <a
              href="#jobs"
            >
              VAGAS EM ABERTO 
              <span>
                &gt;&gt;
              </span>
            </a>
          </header>,
          "tag": 5,
          "treeBaseDuration": 0,
          "type": "header",
          "updateQueue": null,
        },
        "childExpirationTime": 0,
        "dependencies": null,
        "effectTag": 1,
        "elementType": [Function],
        "expirationTime": 0,
        "firstEffect": null,
        "index": 0,
        "key": null,
        "lastEffect": null,
        "memoizedProps": Object {},
        "memoizedState": null,
        "mode": 0,
        "nextEffect": null,
        "pendingProps": Object {},
        "ref": null,
        "return": FiberNode {
          "_debugHookTypes": null,
          "_debugID": 128,
          "_debugIsCurrentlyTiming": false,
          "_debugNeedsRemount": false,
          "_debugOwner": null,
          "_debugSource": null,
          "actualDuration": 0,
          "actualStartTime": -1,
          "alternate": null,
          "child": [Circular],
          "childExpirationTime": 0,
          "dependencies": null,
          "effectTag": 1,
          "elementType": [Function],
          "expirationTime": 0,
          "firstEffect": null,
          "index": 0,
          "key": null,
          "lastEffect": null,
          "memoizedProps": Object {
            "Component": [Function],
            "context": null,
            "props": Object {},
            "refProp": null,
            "wrappingComponentProps": null,
          },
          "memoizedState": Object {
            "context": null,
            "mount": true,
            "props": Object {},
            "wrappingComponentProps": null,
          },
          "mode": 0,
          "nextEffect": null,
          "pendingProps": Object {
            "Component": [Function],
            "context": null,
            "props": Object {},
            "refProp": null,
            "wrappingComponentProps": null,
          },
          "ref": null,
          "return": FiberNode {
            "_debugHookTypes": null,
            "_debugID": 125,
            "_debugIsCurrentlyTiming": false,
            "_debugNeedsRemount": false,
            "_debugOwner": null,
            "_debugSource": null,
            "actualDuration": 0,
            "actualStartTime": -1,
            "alternate": FiberNode {
              "_debugHookTypes": null,
              "_debugID": 125,
              "_debugIsCurrentlyTiming": false,
              "_debugNeedsRemount": false,
              "_debugOwner": null,
              "_debugSource": null,
              "actualDuration": 0,
              "actualStartTime": -1,
              "alternate": [Circular],
              "child": null,
              "childExpirationTime": 0,
              "dependencies": null,
              "effectTag": 0,
              "elementType": null,
              "expirationTime": 1073741823,
              "firstEffect": null,
              "index": 0,
              "key": null,
              "lastEffect": null,
              "memoizedProps": null,
              "memoizedState": null,
              "mode": 0,
              "nextEffect": null,
              "pendingProps": null,
              "ref": null,
              "return": null,
              "selfBaseDuration": 0,
              "sibling": null,
              "stateNode": FiberRootNode {
                "callbackExpirationTime": 0,
                "callbackNode": null,
                "callbackPriority": 90,
                "containerInfo": <div>
                  <header>
                    <h1>
                      Trabalhe no Elo7
                    </h1>
                    <p>
                      Lorem ipsum dolor sit amet, consectetur adipisci elit, sed eiusmod tempor incidunt ut labore et dolore magna aliqua. Ut enim ad minim veniam, quis nostrum exercitationem ullam corporis suscipit laboriosam, nisi ut aliquid.
                    </p>
                    <hr />
                    <a
                      href="#jobs"
                    >
                      VAGAS EM ABERTO 
                      <span>
                        &gt;&gt;
                      </span>
                    </a>
                  </header>
                </div>,
                "context": Object {},
                "current": [Circular],
                "finishedExpirationTime": 0,
                "finishedWork": null,
                "firstPendingTime": 0,
                "firstSuspendedTime": 0,
                "hydrate": false,
                "interactionThreadID": 17,
                "lastExpiredTime": 0,
                "lastPingedTime": 0,
                "lastSuspendedTime": 0,
                "memoizedInteractions": Set {},
                "nextKnownPendingLevel": 0,
                "pendingChildren": null,
                "pendingContext": null,
                "pendingInteractionMap": Map {},
                "pingCache": null,
                "tag": 0,
                "timeoutHandle": -1,
              },
              "tag": 3,
              "treeBaseDuration": 0,
              "type": null,
              "updateQueue": Object {
                "baseState": null,
                "firstCapturedEffect": null,
                "firstCapturedUpdate": null,
                "firstEffect": null,
                "firstUpdate": Object {
                  "callback": null,
                  "expirationTime": 1073741823,
                  "next": null,
                  "nextEffect": null,
                  "payload": Object {
                    "element": <WrapperComponent
                      Component={[Function]}
                      context={null}
                      props={Object {}}
                      refProp={null}
                      wrappingComponentProps={null}
                    />,
                  },
                  "priority": 97,
                  "suspenseConfig": null,
                  "tag": 0,
                },
                "lastCapturedEffect": null,
                "lastCapturedUpdate": null,
                "lastEffect": null,
                "lastUpdate": Object {
                  "callback": null,
                  "expirationTime": 1073741823,
                  "next": null,
                  "nextEffect": null,
                  "payload": Object {
                    "element": <WrapperComponent
                      Component={[Function]}
                      context={null}
                      props={Object {}}
                      refProp={null}
                      wrappingComponentProps={null}
                    />,
                  },
                  "priority": 97,
                  "suspenseConfig": null,
                  "tag": 0,
                },
              },
            },
            "child": [Circular],
            "childExpirationTime": 0,
            "dependencies": null,
            "effectTag": 0,
            "elementType": null,
            "expirationTime": 0,
            "firstEffect": [Circular],
            "index": 0,
            "key": null,
            "lastEffect": [Circular],
            "memoizedProps": null,
            "memoizedState": Object {
              "element": <WrapperComponent
                Component={[Function]}
                context={null}
                props={Object {}}
                refProp={null}
                wrappingComponentProps={null}
              />,
            },
            "mode": 0,
            "nextEffect": null,
            "pendingProps": null,
            "ref": null,
            "return": null,
            "selfBaseDuration": 0,
            "sibling": null,
            "stateNode": FiberRootNode {
              "callbackExpirationTime": 0,
              "callbackNode": null,
              "callbackPriority": 90,
              "containerInfo": <div>
                <header>
                  <h1>
                    Trabalhe no Elo7
                  </h1>
                  <p>
                    Lorem ipsum dolor sit amet, consectetur adipisci elit, sed eiusmod tempor incidunt ut labore et dolore magna aliqua. Ut enim ad minim veniam, quis nostrum exercitationem ullam corporis suscipit laboriosam, nisi ut aliquid.
                  </p>
                  <hr />
                  <a
                    href="#jobs"
                  >
                    VAGAS EM ABERTO 
                    <span>
                      &gt;&gt;
                    </span>
                  </a>
                </header>
              </div>,
              "context": Object {},
              "current": [Circular],
              "finishedExpirationTime": 0,
              "finishedWork": null,
              "firstPendingTime": 0,
              "firstSuspendedTime": 0,
              "hydrate": false,
              "interactionThreadID": 17,
              "lastExpiredTime": 0,
              "lastPingedTime": 0,
              "lastSuspendedTime": 0,
              "memoizedInteractions": Set {},
              "nextKnownPendingLevel": 0,
              "pendingChildren": null,
              "pendingContext": null,
              "pendingInteractionMap": Map {},
              "pingCache": null,
              "tag": 0,
              "timeoutHandle": -1,
            },
            "tag": 3,
            "treeBaseDuration": 0,
            "type": null,
            "updateQueue": Object {
              "baseState": Object {
                "element": <WrapperComponent
                  Component={[Function]}
                  context={null}
                  props={Object {}}
                  refProp={null}
                  wrappingComponentProps={null}
                />,
              },
              "firstCapturedEffect": null,
              "firstCapturedUpdate": null,
              "firstEffect": null,
              "firstUpdate": null,
              "lastCapturedEffect": null,
              "lastCapturedUpdate": null,
              "lastEffect": null,
              "lastUpdate": null,
            },
          },
          "selfBaseDuration": 0,
          "sibling": null,
          "stateNode": WrapperComponent {
            "_reactInternalFiber": [Circular],
            "_reactInternalInstance": Object {},
            "context": Object {},
            "props": Object {
              "Component": [Function],
              "context": null,
              "props": Object {},
              "refProp": null,
              "wrappingComponentProps": null,
            },
            "refs": Object {},
            "state": Object {
              "context": null,
              "mount": true,
              "props": Object {},
              "wrappingComponentProps": null,
            },
            "updater": Object {
              "enqueueForceUpdate": [Function],
              "enqueueReplaceState": [Function],
              "enqueueSetState": [Function],
              "isMounted": [Function],
            },
          },
          "tag": 1,
          "treeBaseDuration": 0,
          "type": [Function],
          "updateQueue": null,
        },
        "selfBaseDuration": 0,
        "sibling": null,
        "stateNode": [Circular],
        "tag": 1,
        "treeBaseDuration": 0,
        "type": [Function],
        "updateQueue": null,
      },
      "_reactInternalInstance": Object {},
      "context": Object {},
      "props": Object {},
      "refs": Object {},
      "render": [Function],
      "state": null,
      "updater": Object {
        "enqueueForceUpdate": [Function],
        "enqueueReplaceState": [Function],
        "enqueueSetState": [Function],
        "isMounted": [Function],
      },
    },
    "key": undefined,
    "nodeType": "class",
    "props": Object {},
    "ref": null,
    "rendered": Object {
      "instance": <header>
        <h1>
          Trabalhe no Elo7
        </h1>
        <p>
          Lorem ipsum dolor sit amet, consectetur adipisci elit, sed eiusmod tempor incidunt ut labore et dolore magna aliqua. Ut enim ad minim veniam, quis nostrum exercitationem ullam corporis suscipit laboriosam, nisi ut aliquid.
        </p>
        <hr />
        <a
          href="#jobs"
        >
          VAGAS EM ABERTO 
          <span>
            &gt;&gt;
          </span>
        </a>
      </header>,
      "key": undefined,
      "nodeType": "host",
      "props": Object {
        "children": Array [
          <h1>
            Trabalhe no Elo7
          </h1>,
          <p>
            Lorem ipsum dolor sit amet, consectetur adipisci elit, sed eiusmod tempor incidunt ut labore et dolore magna aliqua. Ut enim ad minim veniam, quis nostrum exercitationem ullam corporis suscipit laboriosam, nisi ut aliquid.
          </p>,
          <hr />,
          <a
            href="#jobs"
          >
            VAGAS EM ABERTO 
            <span>
              &gt;&gt;
            </span>
          </a>,
        ],
      },
      "ref": null,
      "rendered": Array [
        Object {
          "instance": <h1>
            Trabalhe no Elo7
          </h1>,
          "key": undefined,
          "nodeType": "host",
          "props": Object {
            "children": "Trabalhe no Elo7",
          },
          "ref": null,
          "rendered": Array [
            "Trabalhe no Elo7",
          ],
          "type": "h1",
        },
        Object {
          "instance": <p>
            Lorem ipsum dolor sit amet, consectetur adipisci elit, sed eiusmod tempor incidunt ut labore et dolore magna aliqua. Ut enim ad minim veniam, quis nostrum exercitationem ullam corporis suscipit laboriosam, nisi ut aliquid.
          </p>,
          "key": undefined,
          "nodeType": "host",
          "props": Object {
            "children": "Lorem ipsum dolor sit amet, consectetur adipisci elit, sed eiusmod tempor incidunt ut labore et dolore magna aliqua. Ut enim ad minim veniam, quis nostrum exercitationem ullam corporis suscipit laboriosam, nisi ut aliquid.",
          },
          "ref": null,
          "rendered": Array [
            "Lorem ipsum dolor sit amet, consectetur adipisci elit, sed eiusmod tempor incidunt ut labore et dolore magna aliqua. Ut enim ad minim veniam, quis nostrum exercitationem ullam corporis suscipit laboriosam, nisi ut aliquid.",
          ],
          "type": "p",
        },
        Object {
          "instance": <hr />,
          "key": undefined,
          "nodeType": "host",
          "props": Object {},
          "ref": null,
          "rendered": Array [
            undefined,
          ],
          "type": "hr",
        },
        Object {
          "instance": <a
            href="#jobs"
          >
            VAGAS EM ABERTO 
            <span>
              &gt;&gt;
            </span>
          </a>,
          "key": undefined,
          "nodeType": "host",
          "props": Object {
            "children": Array [
              "VAGAS EM ABERTO ",
              <span>
                &gt;&gt;
              </span>,
            ],
            "href": "#jobs",
          },
          "ref": null,
          "rendered": Array [
            "VAGAS EM ABERTO ",
            Object {
              "instance": <span>
                &gt;&gt;
              </span>,
              "key": undefined,
              "nodeType": "host",
              "props": Object {
                "children": ">>",
              },
              "ref": null,
              "rendered": Array [
                ">>",
              ],
              "type": "span",
            },
          ],
          "type": "a",
        },
      ],
      "type": "header",
    },
    "type": [Function],
  },
  Symbol(enzyme.__nodes__): Array [
    Object {
      "instance": HeaderComponent {
        "_reactInternalFiber": FiberNode {
          "_debugHookTypes": null,
          "_debugID": 130,
          "_debugIsCurrentlyTiming": false,
          "_debugNeedsRemount": false,
          "_debugOwner": FiberNode {
            "_debugHookTypes": null,
            "_debugID": 128,
            "_debugIsCurrentlyTiming": false,
            "_debugNeedsRemount": false,
            "_debugOwner": null,
            "_debugSource": null,
            "actualDuration": 0,
            "actualStartTime": -1,
            "alternate": null,
            "child": [Circular],
            "childExpirationTime": 0,
            "dependencies": null,
            "effectTag": 1,
            "elementType": [Function],
            "expirationTime": 0,
            "firstEffect": null,
            "index": 0,
            "key": null,
            "lastEffect": null,
            "memoizedProps": Object {
              "Component": [Function],
              "context": null,
              "props": Object {},
              "refProp": null,
              "wrappingComponentProps": null,
            },
            "memoizedState": Object {
              "context": null,
              "mount": true,
              "props": Object {},
              "wrappingComponentProps": null,
            },
            "mode": 0,
            "nextEffect": null,
            "pendingProps": Object {
              "Component": [Function],
              "context": null,
              "props": Object {},
              "refProp": null,
              "wrappingComponentProps": null,
            },
            "ref": null,
            "return": FiberNode {
              "_debugHookTypes": null,
              "_debugID": 125,
              "_debugIsCurrentlyTiming": false,
              "_debugNeedsRemount": false,
              "_debugOwner": null,
              "_debugSource": null,
              "actualDuration": 0,
              "actualStartTime": -1,
              "alternate": FiberNode {
                "_debugHookTypes": null,
                "_debugID": 125,
                "_debugIsCurrentlyTiming": false,
                "_debugNeedsRemount": false,
                "_debugOwner": null,
                "_debugSource": null,
                "actualDuration": 0,
                "actualStartTime": -1,
                "alternate": [Circular],
                "child": null,
                "childExpirationTime": 0,
                "dependencies": null,
                "effectTag": 0,
                "elementType": null,
                "expirationTime": 1073741823,
                "firstEffect": null,
                "index": 0,
                "key": null,
                "lastEffect": null,
                "memoizedProps": null,
                "memoizedState": null,
                "mode": 0,
                "nextEffect": null,
                "pendingProps": null,
                "ref": null,
                "return": null,
                "selfBaseDuration": 0,
                "sibling": null,
                "stateNode": FiberRootNode {
                  "callbackExpirationTime": 0,
                  "callbackNode": null,
                  "callbackPriority": 90,
                  "containerInfo": <div>
                    <header>
                      <h1>
                        Trabalhe no Elo7
                      </h1>
                      <p>
                        Lorem ipsum dolor sit amet, consectetur adipisci elit, sed eiusmod tempor incidunt ut labore et dolore magna aliqua. Ut enim ad minim veniam, quis nostrum exercitationem ullam corporis suscipit laboriosam, nisi ut aliquid.
                      </p>
                      <hr />
                      <a
                        href="#jobs"
                      >
                        VAGAS EM ABERTO 
                        <span>
                          &gt;&gt;
                        </span>
                      </a>
                    </header>
                  </div>,
                  "context": Object {},
                  "current": [Circular],
                  "finishedExpirationTime": 0,
                  "finishedWork": null,
                  "firstPendingTime": 0,
                  "firstSuspendedTime": 0,
                  "hydrate": false,
                  "interactionThreadID": 17,
                  "lastExpiredTime": 0,
                  "lastPingedTime": 0,
                  "lastSuspendedTime": 0,
                  "memoizedInteractions": Set {},
                  "nextKnownPendingLevel": 0,
                  "pendingChildren": null,
                  "pendingContext": null,
                  "pendingInteractionMap": Map {},
                  "pingCache": null,
                  "tag": 0,
                  "timeoutHandle": -1,
                },
                "tag": 3,
                "treeBaseDuration": 0,
                "type": null,
                "updateQueue": Object {
                  "baseState": null,
                  "firstCapturedEffect": null,
                  "firstCapturedUpdate": null,
                  "firstEffect": null,
                  "firstUpdate": Object {
                    "callback": null,
                    "expirationTime": 1073741823,
                    "next": null,
                    "nextEffect": null,
                    "payload": Object {
                      "element": <WrapperComponent
                        Component={[Function]}
                        context={null}
                        props={Object {}}
                        refProp={null}
                        wrappingComponentProps={null}
                      />,
                    },
                    "priority": 97,
                    "suspenseConfig": null,
                    "tag": 0,
                  },
                  "lastCapturedEffect": null,
                  "lastCapturedUpdate": null,
                  "lastEffect": null,
                  "lastUpdate": Object {
                    "callback": null,
                    "expirationTime": 1073741823,
                    "next": null,
                    "nextEffect": null,
                    "payload": Object {
                      "element": <WrapperComponent
                        Component={[Function]}
                        context={null}
                        props={Object {}}
                        refProp={null}
                        wrappingComponentProps={null}
                      />,
                    },
                    "priority": 97,
                    "suspenseConfig": null,
                    "tag": 0,
                  },
                },
              },
              "child": [Circular],
              "childExpirationTime": 0,
              "dependencies": null,
              "effectTag": 0,
              "elementType": null,
              "expirationTime": 0,
              "firstEffect": [Circular],
              "index": 0,
              "key": null,
              "lastEffect": [Circular],
              "memoizedProps": null,
              "memoizedState": Object {
                "element": <WrapperComponent
                  Component={[Function]}
                  context={null}
                  props={Object {}}
                  refProp={null}
                  wrappingComponentProps={null}
                />,
              },
              "mode": 0,
              "nextEffect": null,
              "pendingProps": null,
              "ref": null,
              "return": null,
              "selfBaseDuration": 0,
              "sibling": null,
              "stateNode": FiberRootNode {
                "callbackExpirationTime": 0,
                "callbackNode": null,
                "callbackPriority": 90,
                "containerInfo": <div>
                  <header>
                    <h1>
                      Trabalhe no Elo7
                    </h1>
                    <p>
                      Lorem ipsum dolor sit amet, consectetur adipisci elit, sed eiusmod tempor incidunt ut labore et dolore magna aliqua. Ut enim ad minim veniam, quis nostrum exercitationem ullam corporis suscipit laboriosam, nisi ut aliquid.
                    </p>
                    <hr />
                    <a
                      href="#jobs"
                    >
                      VAGAS EM ABERTO 
                      <span>
                        &gt;&gt;
                      </span>
                    </a>
                  </header>
                </div>,
                "context": Object {},
                "current": [Circular],
                "finishedExpirationTime": 0,
                "finishedWork": null,
                "firstPendingTime": 0,
                "firstSuspendedTime": 0,
                "hydrate": false,
                "interactionThreadID": 17,
                "lastExpiredTime": 0,
                "lastPingedTime": 0,
                "lastSuspendedTime": 0,
                "memoizedInteractions": Set {},
                "nextKnownPendingLevel": 0,
                "pendingChildren": null,
                "pendingContext": null,
                "pendingInteractionMap": Map {},
                "pingCache": null,
                "tag": 0,
                "timeoutHandle": -1,
              },
              "tag": 3,
              "treeBaseDuration": 0,
              "type": null,
              "updateQueue": Object {
                "baseState": Object {
                  "element": <WrapperComponent
                    Component={[Function]}
                    context={null}
                    props={Object {}}
                    refProp={null}
                    wrappingComponentProps={null}
                  />,
                },
                "firstCapturedEffect": null,
                "firstCapturedUpdate": null,
                "firstEffect": null,
                "firstUpdate": null,
                "lastCapturedEffect": null,
                "lastCapturedUpdate": null,
                "lastEffect": null,
                "lastUpdate": null,
              },
            },
            "selfBaseDuration": 0,
            "sibling": null,
            "stateNode": WrapperComponent {
              "_reactInternalFiber": [Circular],
              "_reactInternalInstance": Object {},
              "context": Object {},
              "props": Object {
                "Component": [Function],
                "context": null,
                "props": Object {},
                "refProp": null,
                "wrappingComponentProps": null,
              },
              "refs": Object {},
              "state": Object {
                "context": null,
                "mount": true,
                "props": Object {},
                "wrappingComponentProps": null,
              },
              "updater": Object {
                "enqueueForceUpdate": [Function],
                "enqueueReplaceState": [Function],
                "enqueueSetState": [Function],
                "isMounted": [Function],
              },
            },
            "tag": 1,
            "treeBaseDuration": 0,
            "type": [Function],
            "updateQueue": null,
          },
          "_debugSource": null,
          "actualDuration": 0,
          "actualStartTime": -1,
          "alternate": null,
          "child": FiberNode {
            "_debugHookTypes": null,
            "_debugID": 132,
            "_debugIsCurrentlyTiming": false,
            "_debugNeedsRemount": false,
            "_debugOwner": [Circular],
            "_debugSource": null,
            "actualDuration": 0,
            "actualStartTime": -1,
            "alternate": null,
            "child": FiberNode {
              "_debugHookTypes": null,
              "_debugID": 134,
              "_debugIsCurrentlyTiming": false,
              "_debugNeedsRemount": false,
              "_debugOwner": [Circular],
              "_debugSource": null,
              "actualDuration": 0,
              "actualStartTime": -1,
              "alternate": null,
              "child": null,
              "childExpirationTime": 0,
              "dependencies": null,
              "effectTag": 0,
              "elementType": "h1",
              "expirationTime": 0,
              "firstEffect": null,
              "index": 0,
              "key": null,
              "lastEffect": null,
              "memoizedProps": Object {
                "children": "Trabalhe no Elo7",
              },
              "memoizedState": null,
              "mode": 0,
              "nextEffect": null,
              "pendingProps": Object {
                "children": "Trabalhe no Elo7",
              },
              "ref": null,
              "return": [Circular],
              "selfBaseDuration": 0,
              "sibling": FiberNode {
                "_debugHookTypes": null,
                "_debugID": 135,
                "_debugIsCurrentlyTiming": false,
                "_debugNeedsRemount": false,
                "_debugOwner": [Circular],
                "_debugSource": null,
                "actualDuration": 0,
                "actualStartTime": -1,
                "alternate": null,
                "child": null,
                "childExpirationTime": 0,
                "dependencies": null,
                "effectTag": 0,
                "elementType": "p",
                "expirationTime": 0,
                "firstEffect": null,
                "index": 1,
                "key": null,
                "lastEffect": null,
                "memoizedProps": Object {
                  "children": "Lorem ipsum dolor sit amet, consectetur adipisci elit, sed eiusmod tempor incidunt ut labore et dolore magna aliqua. Ut enim ad minim veniam, quis nostrum exercitationem ullam corporis suscipit laboriosam, nisi ut aliquid.",
                },
                "memoizedState": null,
                "mode": 0,
                "nextEffect": null,
                "pendingProps": Object {
                  "children": "Lorem ipsum dolor sit amet, consectetur adipisci elit, sed eiusmod tempor incidunt ut labore et dolore magna aliqua. Ut enim ad minim veniam, quis nostrum exercitationem ullam corporis suscipit laboriosam, nisi ut aliquid.",
                },
                "ref": null,
                "return": [Circular],
                "selfBaseDuration": 0,
                "sibling": FiberNode {
                  "_debugHookTypes": null,
                  "_debugID": 136,
                  "_debugIsCurrentlyTiming": false,
                  "_debugNeedsRemount": false,
                  "_debugOwner": [Circular],
                  "_debugSource": null,
                  "actualDuration": 0,
                  "actualStartTime": -1,
                  "alternate": null,
                  "child": null,
                  "childExpirationTime": 0,
                  "dependencies": null,
                  "effectTag": 0,
                  "elementType": "hr",
                  "expirationTime": 0,
                  "firstEffect": null,
                  "index": 2,
                  "key": null,
                  "lastEffect": null,
                  "memoizedProps": Object {},
                  "memoizedState": null,
                  "mode": 0,
                  "nextEffect": null,
                  "pendingProps": Object {},
                  "ref": null,
                  "return": [Circular],
                  "selfBaseDuration": 0,
                  "sibling": FiberNode {
                    "_debugHookTypes": null,
                    "_debugID": 137,
                    "_debugIsCurrentlyTiming": false,
                    "_debugNeedsRemount": false,
                    "_debugOwner": [Circular],
                    "_debugSource": null,
                    "actualDuration": 0,
                    "actualStartTime": -1,
                    "alternate": null,
                    "child": FiberNode {
                      "_debugHookTypes": null,
                      "_debugID": 142,
                      "_debugIsCurrentlyTiming": false,
                      "_debugNeedsRemount": false,
                      "_debugOwner": null,
                      "_debugSource": null,
                      "actualDuration": 0,
                      "actualStartTime": -1,
                      "alternate": null,
                      "child": null,
                      "childExpirationTime": 0,
                      "dependencies": null,
                      "effectTag": 0,
                      "elementType": null,
                      "expirationTime": 0,
                      "firstEffect": null,
                      "index": 0,
                      "key": null,
                      "lastEffect": null,
                      "memoizedProps": "VAGAS EM ABERTO ",
                      "memoizedState": null,
                      "mode": 0,
                      "nextEffect": null,
                      "pendingProps": "VAGAS EM ABERTO ",
                      "ref": null,
                      "return": [Circular],
                      "selfBaseDuration": 0,
                      "sibling": FiberNode {
                        "_debugHookTypes": null,
                        "_debugID": 143,
                        "_debugIsCurrentlyTiming": false,
                        "_debugNeedsRemount": false,
                        "_debugOwner": [Circular],
                        "_debugSource": null,
                        "actualDuration": 0,
                        "actualStartTime": -1,
                        "alternate": null,
                        "child": null,
                        "childExpirationTime": 0,
                        "dependencies": null,
                        "effectTag": 0,
                        "elementType": "span",
                        "expirationTime": 0,
                        "firstEffect": null,
                        "index": 1,
                        "key": null,
                        "lastEffect": null,
                        "memoizedProps": Object {
                          "children": ">>",
                        },
                        "memoizedState": null,
                        "mode": 0,
                        "nextEffect": null,
                        "pendingProps": Object {
                          "children": ">>",
                        },
                        "ref": null,
                        "return": [Circular],
                        "selfBaseDuration": 0,
                        "sibling": null,
                        "stateNode": <span>
                          &gt;&gt;
                        </span>,
                        "tag": 5,
                        "treeBaseDuration": 0,
                        "type": "span",
                        "updateQueue": null,
                      },
                      "stateNode": VAGAS EM ABERTO ,
                      "tag": 6,
                      "treeBaseDuration": 0,
                      "type": null,
                      "updateQueue": null,
                    },
                    "childExpirationTime": 0,
                    "dependencies": null,
                    "effectTag": 0,
                    "elementType": "a",
                    "expirationTime": 0,
                    "firstEffect": null,
                    "index": 3,
                    "key": null,
                    "lastEffect": null,
                    "memoizedProps": Object {
                      "children": Array [
                        "VAGAS EM ABERTO ",
                        <span>
                          &gt;&gt;
                        </span>,
                      ],
                      "href": "#jobs",
                    },
                    "memoizedState": null,
                    "mode": 0,
                    "nextEffect": null,
                    "pendingProps": Object {
                      "children": Array [
                        "VAGAS EM ABERTO ",
                        <span>
                          &gt;&gt;
                        </span>,
                      ],
                      "href": "#jobs",
                    },
                    "ref": null,
                    "return": [Circular],
                    "selfBaseDuration": 0,
                    "sibling": null,
                    "stateNode": <a
                      href="#jobs"
                    >
                      VAGAS EM ABERTO 
                      <span>
                        &gt;&gt;
                      </span>
                    </a>,
                    "tag": 5,
                    "treeBaseDuration": 0,
                    "type": "a",
                    "updateQueue": null,
                  },
                  "stateNode": <hr />,
                  "tag": 5,
                  "treeBaseDuration": 0,
                  "type": "hr",
                  "updateQueue": null,
                },
                "stateNode": <p>
                  Lorem ipsum dolor sit amet, consectetur adipisci elit, sed eiusmod tempor incidunt ut labore et dolore magna aliqua. Ut enim ad minim veniam, quis nostrum exercitationem ullam corporis suscipit laboriosam, nisi ut aliquid.
                </p>,
                "tag": 5,
                "treeBaseDuration": 0,
                "type": "p",
                "updateQueue": null,
              },
              "stateNode": <h1>
                Trabalhe no Elo7
              </h1>,
              "tag": 5,
              "treeBaseDuration": 0,
              "type": "h1",
              "updateQueue": null,
            },
            "childExpirationTime": 0,
            "dependencies": null,
            "effectTag": 0,
            "elementType": "header",
            "expirationTime": 0,
            "firstEffect": null,
            "index": 0,
            "key": null,
            "lastEffect": null,
            "memoizedProps": Object {
              "children": Array [
                <h1>
                  Trabalhe no Elo7
                </h1>,
                <p>
                  Lorem ipsum dolor sit amet, consectetur adipisci elit, sed eiusmod tempor incidunt ut labore et dolore magna aliqua. Ut enim ad minim veniam, quis nostrum exercitationem ullam corporis suscipit laboriosam, nisi ut aliquid.
                </p>,
                <hr />,
                <a
                  href="#jobs"
                >
                  VAGAS EM ABERTO 
                  <span>
                    &gt;&gt;
                  </span>
                </a>,
              ],
            },
            "memoizedState": null,
            "mode": 0,
            "nextEffect": null,
            "pendingProps": Object {
              "children": Array [
                <h1>
                  Trabalhe no Elo7
                </h1>,
                <p>
                  Lorem ipsum dolor sit amet, consectetur adipisci elit, sed eiusmod tempor incidunt ut labore et dolore magna aliqua. Ut enim ad minim veniam, quis nostrum exercitationem ullam corporis suscipit laboriosam, nisi ut aliquid.
                </p>,
                <hr />,
                <a
                  href="#jobs"
                >
                  VAGAS EM ABERTO 
                  <span>
                    &gt;&gt;
                  </span>
                </a>,
              ],
            },
            "ref": null,
            "return": [Circular],
            "selfBaseDuration": 0,
            "sibling": null,
            "stateNode": <header>
              <h1>
                Trabalhe no Elo7
              </h1>
              <p>
                Lorem ipsum dolor sit amet, consectetur adipisci elit, sed eiusmod tempor incidunt ut labore et dolore magna aliqua. Ut enim ad minim veniam, quis nostrum exercitationem ullam corporis suscipit laboriosam, nisi ut aliquid.
              </p>
              <hr />
              <a
                href="#jobs"
              >
                VAGAS EM ABERTO 
                <span>
                  &gt;&gt;
                </span>
              </a>
            </header>,
            "tag": 5,
            "treeBaseDuration": 0,
            "type": "header",
            "updateQueue": null,
          },
          "childExpirationTime": 0,
          "dependencies": null,
          "effectTag": 1,
          "elementType": [Function],
          "expirationTime": 0,
          "firstEffect": null,
          "index": 0,
          "key": null,
          "lastEffect": null,
          "memoizedProps": Object {},
          "memoizedState": null,
          "mode": 0,
          "nextEffect": null,
          "pendingProps": Object {},
          "ref": null,
          "return": FiberNode {
            "_debugHookTypes": null,
            "_debugID": 128,
            "_debugIsCurrentlyTiming": false,
            "_debugNeedsRemount": false,
            "_debugOwner": null,
            "_debugSource": null,
            "actualDuration": 0,
            "actualStartTime": -1,
            "alternate": null,
            "child": [Circular],
            "childExpirationTime": 0,
            "dependencies": null,
            "effectTag": 1,
            "elementType": [Function],
            "expirationTime": 0,
            "firstEffect": null,
            "index": 0,
            "key": null,
            "lastEffect": null,
            "memoizedProps": Object {
              "Component": [Function],
              "context": null,
              "props": Object {},
              "refProp": null,
              "wrappingComponentProps": null,
            },
            "memoizedState": Object {
              "context": null,
              "mount": true,
              "props": Object {},
              "wrappingComponentProps": null,
            },
            "mode": 0,
            "nextEffect": null,
            "pendingProps": Object {
              "Component": [Function],
              "context": null,
              "props": Object {},
              "refProp": null,
              "wrappingComponentProps": null,
            },
            "ref": null,
            "return": FiberNode {
              "_debugHookTypes": null,
              "_debugID": 125,
              "_debugIsCurrentlyTiming": false,
              "_debugNeedsRemount": false,
              "_debugOwner": null,
              "_debugSource": null,
              "actualDuration": 0,
              "actualStartTime": -1,
              "alternate": FiberNode {
                "_debugHookTypes": null,
                "_debugID": 125,
                "_debugIsCurrentlyTiming": false,
                "_debugNeedsRemount": false,
                "_debugOwner": null,
                "_debugSource": null,
                "actualDuration": 0,
                "actualStartTime": -1,
                "alternate": [Circular],
                "child": null,
                "childExpirationTime": 0,
                "dependencies": null,
                "effectTag": 0,
                "elementType": null,
                "expirationTime": 1073741823,
                "firstEffect": null,
                "index": 0,
                "key": null,
                "lastEffect": null,
                "memoizedProps": null,
                "memoizedState": null,
                "mode": 0,
                "nextEffect": null,
                "pendingProps": null,
                "ref": null,
                "return": null,
                "selfBaseDuration": 0,
                "sibling": null,
                "stateNode": FiberRootNode {
                  "callbackExpirationTime": 0,
                  "callbackNode": null,
                  "callbackPriority": 90,
                  "containerInfo": <div>
                    <header>
                      <h1>
                        Trabalhe no Elo7
                      </h1>
                      <p>
                        Lorem ipsum dolor sit amet, consectetur adipisci elit, sed eiusmod tempor incidunt ut labore et dolore magna aliqua. Ut enim ad minim veniam, quis nostrum exercitationem ullam corporis suscipit laboriosam, nisi ut aliquid.
                      </p>
                      <hr />
                      <a
                        href="#jobs"
                      >
                        VAGAS EM ABERTO 
                        <span>
                          &gt;&gt;
                        </span>
                      </a>
                    </header>
                  </div>,
                  "context": Object {},
                  "current": [Circular],
                  "finishedExpirationTime": 0,
                  "finishedWork": null,
                  "firstPendingTime": 0,
                  "firstSuspendedTime": 0,
                  "hydrate": false,
                  "interactionThreadID": 17,
                  "lastExpiredTime": 0,
                  "lastPingedTime": 0,
                  "lastSuspendedTime": 0,
                  "memoizedInteractions": Set {},
                  "nextKnownPendingLevel": 0,
                  "pendingChildren": null,
                  "pendingContext": null,
                  "pendingInteractionMap": Map {},
                  "pingCache": null,
                  "tag": 0,
                  "timeoutHandle": -1,
                },
                "tag": 3,
                "treeBaseDuration": 0,
                "type": null,
                "updateQueue": Object {
                  "baseState": null,
                  "firstCapturedEffect": null,
                  "firstCapturedUpdate": null,
                  "firstEffect": null,
                  "firstUpdate": Object {
                    "callback": null,
                    "expirationTime": 1073741823,
                    "next": null,
                    "nextEffect": null,
                    "payload": Object {
                      "element": <WrapperComponent
                        Component={[Function]}
                        context={null}
                        props={Object {}}
                        refProp={null}
                        wrappingComponentProps={null}
                      />,
                    },
                    "priority": 97,
                    "suspenseConfig": null,
                    "tag": 0,
                  },
                  "lastCapturedEffect": null,
                  "lastCapturedUpdate": null,
                  "lastEffect": null,
                  "lastUpdate": Object {
                    "callback": null,
                    "expirationTime": 1073741823,
                    "next": null,
                    "nextEffect": null,
                    "payload": Object {
                      "element": <WrapperComponent
                        Component={[Function]}
                        context={null}
                        props={Object {}}
                        refProp={null}
                        wrappingComponentProps={null}
                      />,
                    },
                    "priority": 97,
                    "suspenseConfig": null,
                    "tag": 0,
                  },
                },
              },
              "child": [Circular],
              "childExpirationTime": 0,
              "dependencies": null,
              "effectTag": 0,
              "elementType": null,
              "expirationTime": 0,
              "firstEffect": [Circular],
              "index": 0,
              "key": null,
              "lastEffect": [Circular],
              "memoizedProps": null,
              "memoizedState": Object {
                "element": <WrapperComponent
                  Component={[Function]}
                  context={null}
                  props={Object {}}
                  refProp={null}
                  wrappingComponentProps={null}
                />,
              },
              "mode": 0,
              "nextEffect": null,
              "pendingProps": null,
              "ref": null,
              "return": null,
              "selfBaseDuration": 0,
              "sibling": null,
              "stateNode": FiberRootNode {
                "callbackExpirationTime": 0,
                "callbackNode": null,
                "callbackPriority": 90,
                "containerInfo": <div>
                  <header>
                    <h1>
                      Trabalhe no Elo7
                    </h1>
                    <p>
                      Lorem ipsum dolor sit amet, consectetur adipisci elit, sed eiusmod tempor incidunt ut labore et dolore magna aliqua. Ut enim ad minim veniam, quis nostrum exercitationem ullam corporis suscipit laboriosam, nisi ut aliquid.
                    </p>
                    <hr />
                    <a
                      href="#jobs"
                    >
                      VAGAS EM ABERTO 
                      <span>
                        &gt;&gt;
                      </span>
                    </a>
                  </header>
                </div>,
                "context": Object {},
                "current": [Circular],
                "finishedExpirationTime": 0,
                "finishedWork": null,
                "firstPendingTime": 0,
                "firstSuspendedTime": 0,
                "hydrate": false,
                "interactionThreadID": 17,
                "lastExpiredTime": 0,
                "lastPingedTime": 0,
                "lastSuspendedTime": 0,
                "memoizedInteractions": Set {},
                "nextKnownPendingLevel": 0,
                "pendingChildren": null,
                "pendingContext": null,
                "pendingInteractionMap": Map {},
                "pingCache": null,
                "tag": 0,
                "timeoutHandle": -1,
              },
              "tag": 3,
              "treeBaseDuration": 0,
              "type": null,
              "updateQueue": Object {
                "baseState": Object {
                  "element": <WrapperComponent
                    Component={[Function]}
                    context={null}
                    props={Object {}}
                    refProp={null}
                    wrappingComponentProps={null}
                  />,
                },
                "firstCapturedEffect": null,
                "firstCapturedUpdate": null,
                "firstEffect": null,
                "firstUpdate": null,
                "lastCapturedEffect": null,
                "lastCapturedUpdate": null,
                "lastEffect": null,
                "lastUpdate": null,
              },
            },
            "selfBaseDuration": 0,
            "sibling": null,
            "stateNode": WrapperComponent {
              "_reactInternalFiber": [Circular],
              "_reactInternalInstance": Object {},
              "context": Object {},
              "props": Object {
                "Component": [Function],
                "context": null,
                "props": Object {},
                "refProp": null,
                "wrappingComponentProps": null,
              },
              "refs": Object {},
              "state": Object {
                "context": null,
                "mount": true,
                "props": Object {},
                "wrappingComponentProps": null,
              },
              "updater": Object {
                "enqueueForceUpdate": [Function],
                "enqueueReplaceState": [Function],
                "enqueueSetState": [Function],
                "isMounted": [Function],
              },
            },
            "tag": 1,
            "treeBaseDuration": 0,
            "type": [Function],
            "updateQueue": null,
          },
          "selfBaseDuration": 0,
          "sibling": null,
          "stateNode": [Circular],
          "tag": 1,
          "treeBaseDuration": 0,
          "type": [Function],
          "updateQueue": null,
        },
        "_reactInternalInstance": Object {},
        "context": Object {},
        "props": Object {},
        "refs": Object {},
        "render": [Function],
        "state": null,
        "updater": Object {
          "enqueueForceUpdate": [Function],
          "enqueueReplaceState": [Function],
          "enqueueSetState": [Function],
          "isMounted": [Function],
        },
      },
      "key": undefined,
      "nodeType": "class",
      "props": Object {},
      "ref": null,
      "rendered": Object {
        "instance": <header>
          <h1>
            Trabalhe no Elo7
          </h1>
          <p>
            Lorem ipsum dolor sit amet, consectetur adipisci elit, sed eiusmod tempor incidunt ut labore et dolore magna aliqua. Ut enim ad minim veniam, quis nostrum exercitationem ullam corporis suscipit laboriosam, nisi ut aliquid.
          </p>
          <hr />
          <a
            href="#jobs"
          >
            VAGAS EM ABERTO 
            <span>
              &gt;&gt;
            </span>
          </a>
        </header>,
        "key": undefined,
        "nodeType": "host",
        "props": Object {
          "children": Array [
            <h1>
              Trabalhe no Elo7
            </h1>,
            <p>
              Lorem ipsum dolor sit amet, consectetur adipisci elit, sed eiusmod tempor incidunt ut labore et dolore magna aliqua. Ut enim ad minim veniam, quis nostrum exercitationem ullam corporis suscipit laboriosam, nisi ut aliquid.
            </p>,
            <hr />,
            <a
              href="#jobs"
            >
              VAGAS EM ABERTO 
              <span>
                &gt;&gt;
              </span>
            </a>,
          ],
        },
        "ref": null,
        "rendered": Array [
          Object {
            "instance": <h1>
              Trabalhe no Elo7
            </h1>,
            "key": undefined,
            "nodeType": "host",
            "props": Object {
              "children": "Trabalhe no Elo7",
            },
            "ref": null,
            "rendered": Array [
              "Trabalhe no Elo7",
            ],
            "type": "h1",
          },
          Object {
            "instance": <p>
              Lorem ipsum dolor sit amet, consectetur adipisci elit, sed eiusmod tempor incidunt ut labore et dolore magna aliqua. Ut enim ad minim veniam, quis nostrum exercitationem ullam corporis suscipit laboriosam, nisi ut aliquid.
            </p>,
            "key": undefined,
            "nodeType": "host",
            "props": Object {
              "children": "Lorem ipsum dolor sit amet, consectetur adipisci elit, sed eiusmod tempor incidunt ut labore et dolore magna aliqua. Ut enim ad minim veniam, quis nostrum exercitationem ullam corporis suscipit laboriosam, nisi ut aliquid.",
            },
            "ref": null,
            "rendered": Array [
              "Lorem ipsum dolor sit amet, consectetur adipisci elit, sed eiusmod tempor incidunt ut labore et dolore magna aliqua. Ut enim ad minim veniam, quis nostrum exercitationem ullam corporis suscipit laboriosam, nisi ut aliquid.",
            ],
            "type": "p",
          },
          Object {
            "instance": <hr />,
            "key": undefined,
            "nodeType": "host",
            "props": Object {},
            "ref": null,
            "rendered": Array [
              undefined,
            ],
            "type": "hr",
          },
          Object {
            "instance": <a
              href="#jobs"
            >
              VAGAS EM ABERTO 
              <span>
                &gt;&gt;
              </span>
            </a>,
            "key": undefined,
            "nodeType": "host",
            "props": Object {
              "children": Array [
                "VAGAS EM ABERTO ",
                <span>
                  &gt;&gt;
                </span>,
              ],
              "href": "#jobs",
            },
            "ref": null,
            "rendered": Array [
              "VAGAS EM ABERTO ",
              Object {
                "instance": <span>
                  &gt;&gt;
                </span>,
                "key": undefined,
                "nodeType": "host",
                "props": Object {
                  "children": ">>",
                },
                "ref": null,
                "rendered": Array [
                  ">>",
                ],
                "type": "span",
              },
            ],
            "type": "a",
          },
        ],
        "type": "header",
      },
      "type": [Function],
    },
  ],
  Symbol(enzyme.__options__): Object {
    "adapter": ReactSixteenAdapter {
      "options": Object {
        "enableComponentDidUpdateOnSetState": true,
        "legacyContextMode": "parent",
        "lifecycles": Object {
          "componentDidUpdate": Object {
            "onSetState": true,
          },
          "getChildContext": Object {
            "calledByRenderer": false,
          },
          "getDerivedStateFromError": true,
          "getDerivedStateFromProps": Object {
            "hasShouldComponentUpdateBug": false,
          },
          "getSnapshotBeforeUpdate": true,
          "setState": Object {
            "skipsComponentDidUpdateOnNullish": true,
          },
        },
      },
    },
  },
  Symbol(enzyme.__linkedRoots__): Array [],
  Symbol(enzyme.__unrendered__): <HeaderComponent />,
  Symbol(enzyme.__updatedBy__): null,
}
`;
