// Jest Snapshot v1, https://goo.gl/fbAQLP

exports[`Gallery Component Snapshot Should match snapshot 1`] = `
ReactWrapper {
  Symbol(enzyme.__renderer__): Object {
    "batchedUpdates": [Function],
    "getNode": [Function],
    "getWrappingComponentRenderer": [Function],
    "render": [Function],
    "simulateError": [Function],
    "simulateEvent": [Function],
    "unmount": [Function],
    "wrapInvoke": [Function],
  },
  Symbol(enzyme.__root__): [Circular],
  Symbol(enzyme.__node__): Object {
    "instance": null,
    "key": undefined,
    "nodeType": "function",
    "props": Object {},
    "ref": null,
    "rendered": Object {
      "instance": <div>
        <h2>
          CONHEÇA NOSSO TIME 
          <br />
          FORA DE SÉRIE
        </h2>
        <ul>
          <li />
          <li />
          <li />
          <li />
        </ul>
      </div>,
      "key": undefined,
      "nodeType": "host",
      "props": Object {
        "children": Array [
          <h2>
            CONHEÇA NOSSO TIME 
            <br />
            FORA DE SÉRIE
          </h2>,
          <ul>
            <li />
            <li />
            <li />
            <li />
          </ul>,
        ],
      },
      "ref": null,
      "rendered": Array [
        Object {
          "instance": <h2>
            CONHEÇA NOSSO TIME 
            <br />
            FORA DE SÉRIE
          </h2>,
          "key": undefined,
          "nodeType": "host",
          "props": Object {
            "children": Array [
              "CONHEÇA NOSSO TIME ",
              <br />,
              "FORA DE SÉRIE",
            ],
          },
          "ref": null,
          "rendered": Array [
            "CONHEÇA NOSSO TIME ",
            Object {
              "instance": <br />,
              "key": undefined,
              "nodeType": "host",
              "props": Object {},
              "ref": null,
              "rendered": Array [
                undefined,
              ],
              "type": "br",
            },
            "FORA DE SÉRIE",
          ],
          "type": "h2",
        },
        Object {
          "instance": <ul>
            <li />
            <li />
            <li />
            <li />
          </ul>,
          "key": undefined,
          "nodeType": "host",
          "props": Object {
            "children": Array [
              <li />,
              <li />,
              <li />,
              <li />,
            ],
          },
          "ref": null,
          "rendered": Array [
            Object {
              "instance": <li />,
              "key": undefined,
              "nodeType": "host",
              "props": Object {},
              "ref": null,
              "rendered": Array [
                undefined,
              ],
              "type": "li",
            },
            Object {
              "instance": <li />,
              "key": undefined,
              "nodeType": "host",
              "props": Object {},
              "ref": null,
              "rendered": Array [
                undefined,
              ],
              "type": "li",
            },
            Object {
              "instance": <li />,
              "key": undefined,
              "nodeType": "host",
              "props": Object {},
              "ref": null,
              "rendered": Array [
                undefined,
              ],
              "type": "li",
            },
            Object {
              "instance": <li />,
              "key": undefined,
              "nodeType": "host",
              "props": Object {},
              "ref": null,
              "rendered": Array [
                undefined,
              ],
              "type": "li",
            },
          ],
          "type": "ul",
        },
      ],
      "type": "div",
    },
    "type": [Function],
  },
  Symbol(enzyme.__nodes__): Array [
    Object {
      "instance": null,
      "key": undefined,
      "nodeType": "function",
      "props": Object {},
      "ref": null,
      "rendered": Object {
        "instance": <div>
          <h2>
            CONHEÇA NOSSO TIME 
            <br />
            FORA DE SÉRIE
          </h2>
          <ul>
            <li />
            <li />
            <li />
            <li />
          </ul>
        </div>,
        "key": undefined,
        "nodeType": "host",
        "props": Object {
          "children": Array [
            <h2>
              CONHEÇA NOSSO TIME 
              <br />
              FORA DE SÉRIE
            </h2>,
            <ul>
              <li />
              <li />
              <li />
              <li />
            </ul>,
          ],
        },
        "ref": null,
        "rendered": Array [
          Object {
            "instance": <h2>
              CONHEÇA NOSSO TIME 
              <br />
              FORA DE SÉRIE
            </h2>,
            "key": undefined,
            "nodeType": "host",
            "props": Object {
              "children": Array [
                "CONHEÇA NOSSO TIME ",
                <br />,
                "FORA DE SÉRIE",
              ],
            },
            "ref": null,
            "rendered": Array [
              "CONHEÇA NOSSO TIME ",
              Object {
                "instance": <br />,
                "key": undefined,
                "nodeType": "host",
                "props": Object {},
                "ref": null,
                "rendered": Array [
                  undefined,
                ],
                "type": "br",
              },
              "FORA DE SÉRIE",
            ],
            "type": "h2",
          },
          Object {
            "instance": <ul>
              <li />
              <li />
              <li />
              <li />
            </ul>,
            "key": undefined,
            "nodeType": "host",
            "props": Object {
              "children": Array [
                <li />,
                <li />,
                <li />,
                <li />,
              ],
            },
            "ref": null,
            "rendered": Array [
              Object {
                "instance": <li />,
                "key": undefined,
                "nodeType": "host",
                "props": Object {},
                "ref": null,
                "rendered": Array [
                  undefined,
                ],
                "type": "li",
              },
              Object {
                "instance": <li />,
                "key": undefined,
                "nodeType": "host",
                "props": Object {},
                "ref": null,
                "rendered": Array [
                  undefined,
                ],
                "type": "li",
              },
              Object {
                "instance": <li />,
                "key": undefined,
                "nodeType": "host",
                "props": Object {},
                "ref": null,
                "rendered": Array [
                  undefined,
                ],
                "type": "li",
              },
              Object {
                "instance": <li />,
                "key": undefined,
                "nodeType": "host",
                "props": Object {},
                "ref": null,
                "rendered": Array [
                  undefined,
                ],
                "type": "li",
              },
            ],
            "type": "ul",
          },
        ],
        "type": "div",
      },
      "type": [Function],
    },
  ],
  Symbol(enzyme.__options__): Object {
    "adapter": ReactSixteenAdapter {
      "options": Object {
        "enableComponentDidUpdateOnSetState": true,
        "legacyContextMode": "parent",
        "lifecycles": Object {
          "componentDidUpdate": Object {
            "onSetState": true,
          },
          "getChildContext": Object {
            "calledByRenderer": false,
          },
          "getDerivedStateFromError": true,
          "getDerivedStateFromProps": Object {
            "hasShouldComponentUpdateBug": false,
          },
          "getSnapshotBeforeUpdate": true,
          "setState": Object {
            "skipsComponentDidUpdateOnNullish": true,
          },
        },
      },
    },
  },
  Symbol(enzyme.__linkedRoots__): Array [],
  Symbol(enzyme.__unrendered__): <GalleryComponent />,
  Symbol(enzyme.__updatedBy__): null,
}
`;
