// Jest Snapshot v1, https://goo.gl/fbAQLP

exports[`Jobs Component Should match snapshot 1`] = `
ReactWrapper {
  Symbol(enzyme.__renderer__): Object {
    "batchedUpdates": [Function],
    "getNode": [Function],
    "getWrappingComponentRenderer": [Function],
    "render": [Function],
    "simulateError": [Function],
    "simulateEvent": [Function],
    "unmount": [Function],
    "wrapInvoke": [Function],
  },
  Symbol(enzyme.__root__): [Circular],
  Symbol(enzyme.__node__): Object {
    "instance": Jobs {
      "_reactInternalFiber": FiberNode {
        "_debugHookTypes": null,
        "_debugID": 130,
        "_debugIsCurrentlyTiming": false,
        "_debugNeedsRemount": false,
        "_debugOwner": FiberNode {
          "_debugHookTypes": null,
          "_debugID": 128,
          "_debugIsCurrentlyTiming": false,
          "_debugNeedsRemount": false,
          "_debugOwner": null,
          "_debugSource": null,
          "actualDuration": 0,
          "actualStartTime": -1,
          "alternate": null,
          "child": [Circular],
          "childExpirationTime": 0,
          "dependencies": null,
          "effectTag": 1,
          "elementType": [Function],
          "expirationTime": 0,
          "firstEffect": [Circular],
          "index": 0,
          "key": null,
          "lastEffect": [Circular],
          "memoizedProps": Object {
            "Component": [Function],
            "context": null,
            "props": Object {},
            "refProp": null,
            "wrappingComponentProps": null,
          },
          "memoizedState": Object {
            "context": null,
            "mount": true,
            "props": Object {},
            "wrappingComponentProps": null,
          },
          "mode": 0,
          "nextEffect": null,
          "pendingProps": Object {
            "Component": [Function],
            "context": null,
            "props": Object {},
            "refProp": null,
            "wrappingComponentProps": null,
          },
          "ref": null,
          "return": FiberNode {
            "_debugHookTypes": null,
            "_debugID": 125,
            "_debugIsCurrentlyTiming": false,
            "_debugNeedsRemount": false,
            "_debugOwner": null,
            "_debugSource": null,
            "actualDuration": 0,
            "actualStartTime": -1,
            "alternate": FiberNode {
              "_debugHookTypes": null,
              "_debugID": 125,
              "_debugIsCurrentlyTiming": false,
              "_debugNeedsRemount": false,
              "_debugOwner": null,
              "_debugSource": null,
              "actualDuration": 0,
              "actualStartTime": -1,
              "alternate": [Circular],
              "child": null,
              "childExpirationTime": 0,
              "dependencies": null,
              "effectTag": 0,
              "elementType": null,
              "expirationTime": 1073741823,
              "firstEffect": null,
              "index": 0,
              "key": null,
              "lastEffect": null,
              "memoizedProps": null,
              "memoizedState": null,
              "mode": 0,
              "nextEffect": null,
              "pendingProps": null,
              "ref": null,
              "return": null,
              "selfBaseDuration": 0,
              "sibling": null,
              "stateNode": FiberRootNode {
                "callbackExpirationTime": 0,
                "callbackNode": null,
                "callbackPriority": 90,
                "containerInfo": <div>
                  <section
                    class="jobs"
                  >
                    <h2>
                      VAGAS EM ABERTO
                    </h2>
                    <h3
                      style="color: rgb(125, 120, 115);"
                    >
                      DESENVOLVIMENTO
                    </h3>
                    <ul />
                  </section>
                </div>,
                "context": Object {},
                "current": [Circular],
                "finishedExpirationTime": 0,
                "finishedWork": null,
                "firstPendingTime": 0,
                "firstSuspendedTime": 0,
                "hydrate": false,
                "interactionThreadID": 17,
                "lastExpiredTime": 0,
                "lastPingedTime": 0,
                "lastSuspendedTime": 0,
                "memoizedInteractions": Set {},
                "nextKnownPendingLevel": 0,
                "pendingChildren": null,
                "pendingContext": null,
                "pendingInteractionMap": Map {},
                "pingCache": null,
                "tag": 0,
                "timeoutHandle": -1,
              },
              "tag": 3,
              "treeBaseDuration": 0,
              "type": null,
              "updateQueue": Object {
                "baseState": null,
                "firstCapturedEffect": null,
                "firstCapturedUpdate": null,
                "firstEffect": null,
                "firstUpdate": Object {
                  "callback": null,
                  "expirationTime": 1073741823,
                  "next": null,
                  "nextEffect": null,
                  "payload": Object {
                    "element": <WrapperComponent
                      Component={[Function]}
                      context={null}
                      props={Object {}}
                      refProp={null}
                      wrappingComponentProps={null}
                    />,
                  },
                  "priority": 97,
                  "suspenseConfig": null,
                  "tag": 0,
                },
                "lastCapturedEffect": null,
                "lastCapturedUpdate": null,
                "lastEffect": null,
                "lastUpdate": Object {
                  "callback": null,
                  "expirationTime": 1073741823,
                  "next": null,
                  "nextEffect": null,
                  "payload": Object {
                    "element": <WrapperComponent
                      Component={[Function]}
                      context={null}
                      props={Object {}}
                      refProp={null}
                      wrappingComponentProps={null}
                    />,
                  },
                  "priority": 97,
                  "suspenseConfig": null,
                  "tag": 0,
                },
              },
            },
            "child": [Circular],
            "childExpirationTime": 0,
            "dependencies": null,
            "effectTag": 0,
            "elementType": null,
            "expirationTime": 0,
            "firstEffect": [Circular],
            "index": 0,
            "key": null,
            "lastEffect": [Circular],
            "memoizedProps": null,
            "memoizedState": Object {
              "element": <WrapperComponent
                Component={[Function]}
                context={null}
                props={Object {}}
                refProp={null}
                wrappingComponentProps={null}
              />,
            },
            "mode": 0,
            "nextEffect": null,
            "pendingProps": null,
            "ref": null,
            "return": null,
            "selfBaseDuration": 0,
            "sibling": null,
            "stateNode": FiberRootNode {
              "callbackExpirationTime": 0,
              "callbackNode": null,
              "callbackPriority": 90,
              "containerInfo": <div>
                <section
                  class="jobs"
                >
                  <h2>
                    VAGAS EM ABERTO
                  </h2>
                  <h3
                    style="color: rgb(125, 120, 115);"
                  >
                    DESENVOLVIMENTO
                  </h3>
                  <ul />
                </section>
              </div>,
              "context": Object {},
              "current": [Circular],
              "finishedExpirationTime": 0,
              "finishedWork": null,
              "firstPendingTime": 0,
              "firstSuspendedTime": 0,
              "hydrate": false,
              "interactionThreadID": 17,
              "lastExpiredTime": 0,
              "lastPingedTime": 0,
              "lastSuspendedTime": 0,
              "memoizedInteractions": Set {},
              "nextKnownPendingLevel": 0,
              "pendingChildren": null,
              "pendingContext": null,
              "pendingInteractionMap": Map {},
              "pingCache": null,
              "tag": 0,
              "timeoutHandle": -1,
            },
            "tag": 3,
            "treeBaseDuration": 0,
            "type": null,
            "updateQueue": Object {
              "baseState": Object {
                "element": <WrapperComponent
                  Component={[Function]}
                  context={null}
                  props={Object {}}
                  refProp={null}
                  wrappingComponentProps={null}
                />,
              },
              "firstCapturedEffect": null,
              "firstCapturedUpdate": null,
              "firstEffect": null,
              "firstUpdate": null,
              "lastCapturedEffect": null,
              "lastCapturedUpdate": null,
              "lastEffect": null,
              "lastUpdate": null,
            },
          },
          "selfBaseDuration": 0,
          "sibling": null,
          "stateNode": WrapperComponent {
            "_reactInternalFiber": [Circular],
            "_reactInternalInstance": Object {},
            "context": Object {},
            "props": Object {
              "Component": [Function],
              "context": null,
              "props": Object {},
              "refProp": null,
              "wrappingComponentProps": null,
            },
            "refs": Object {},
            "state": Object {
              "context": null,
              "mount": true,
              "props": Object {},
              "wrappingComponentProps": null,
            },
            "updater": Object {
              "enqueueForceUpdate": [Function],
              "enqueueReplaceState": [Function],
              "enqueueSetState": [Function],
              "isMounted": [Function],
            },
          },
          "tag": 1,
          "treeBaseDuration": 0,
          "type": [Function],
          "updateQueue": null,
        },
        "_debugSource": null,
        "actualDuration": 0,
        "actualStartTime": -1,
        "alternate": null,
        "child": FiberNode {
          "_debugHookTypes": null,
          "_debugID": 132,
          "_debugIsCurrentlyTiming": false,
          "_debugNeedsRemount": false,
          "_debugOwner": [Circular],
          "_debugSource": null,
          "actualDuration": 0,
          "actualStartTime": -1,
          "alternate": null,
          "child": FiberNode {
            "_debugHookTypes": null,
            "_debugID": 134,
            "_debugIsCurrentlyTiming": false,
            "_debugNeedsRemount": false,
            "_debugOwner": [Circular],
            "_debugSource": null,
            "actualDuration": 0,
            "actualStartTime": -1,
            "alternate": null,
            "child": null,
            "childExpirationTime": 0,
            "dependencies": null,
            "effectTag": 0,
            "elementType": "h2",
            "expirationTime": 0,
            "firstEffect": null,
            "index": 0,
            "key": null,
            "lastEffect": null,
            "memoizedProps": Object {
              "children": "VAGAS EM ABERTO",
            },
            "memoizedState": null,
            "mode": 0,
            "nextEffect": null,
            "pendingProps": Object {
              "children": "VAGAS EM ABERTO",
            },
            "ref": null,
            "return": [Circular],
            "selfBaseDuration": 0,
            "sibling": FiberNode {
              "_debugHookTypes": null,
              "_debugID": 135,
              "_debugIsCurrentlyTiming": false,
              "_debugNeedsRemount": false,
              "_debugOwner": [Circular],
              "_debugSource": null,
              "actualDuration": 0,
              "actualStartTime": -1,
              "alternate": null,
              "child": null,
              "childExpirationTime": 0,
              "dependencies": null,
              "effectTag": 0,
              "elementType": "h3",
              "expirationTime": 0,
              "firstEffect": null,
              "index": 1,
              "key": null,
              "lastEffect": null,
              "memoizedProps": Object {
                "children": "DESENVOLVIMENTO",
                "style": Object {
                  "color": "#7d7873",
                },
              },
              "memoizedState": null,
              "mode": 0,
              "nextEffect": null,
              "pendingProps": Object {
                "children": "DESENVOLVIMENTO",
                "style": Object {
                  "color": "#7d7873",
                },
              },
              "ref": null,
              "return": [Circular],
              "selfBaseDuration": 0,
              "sibling": FiberNode {
                "_debugHookTypes": null,
                "_debugID": 136,
                "_debugIsCurrentlyTiming": false,
                "_debugNeedsRemount": false,
                "_debugOwner": [Circular],
                "_debugSource": null,
                "actualDuration": 0,
                "actualStartTime": -1,
                "alternate": null,
                "child": null,
                "childExpirationTime": 0,
                "dependencies": null,
                "effectTag": 0,
                "elementType": "ul",
                "expirationTime": 0,
                "firstEffect": null,
                "index": 2,
                "key": null,
                "lastEffect": null,
                "memoizedProps": Object {
                  "children": Array [],
                },
                "memoizedState": null,
                "mode": 0,
                "nextEffect": null,
                "pendingProps": Object {
                  "children": Array [],
                },
                "ref": null,
                "return": [Circular],
                "selfBaseDuration": 0,
                "sibling": null,
                "stateNode": <ul />,
                "tag": 5,
                "treeBaseDuration": 0,
                "type": "ul",
                "updateQueue": null,
              },
              "stateNode": <h3
                style="color: rgb(125, 120, 115);"
              >
                DESENVOLVIMENTO
              </h3>,
              "tag": 5,
              "treeBaseDuration": 0,
              "type": "h3",
              "updateQueue": null,
            },
            "stateNode": <h2>
              VAGAS EM ABERTO
            </h2>,
            "tag": 5,
            "treeBaseDuration": 0,
            "type": "h2",
            "updateQueue": null,
          },
          "childExpirationTime": 0,
          "dependencies": null,
          "effectTag": 0,
          "elementType": "section",
          "expirationTime": 0,
          "firstEffect": null,
          "index": 0,
          "key": null,
          "lastEffect": null,
          "memoizedProps": Object {
            "children": Array [
              <h2>
                VAGAS EM ABERTO
              </h2>,
              <h3
                style={
                  Object {
                    "color": "#7d7873",
                  }
                }
              >
                DESENVOLVIMENTO
              </h3>,
              <ul />,
            ],
            "className": "jobs",
          },
          "memoizedState": null,
          "mode": 0,
          "nextEffect": null,
          "pendingProps": Object {
            "children": Array [
              <h2>
                VAGAS EM ABERTO
              </h2>,
              <h3
                style={
                  Object {
                    "color": "#7d7873",
                  }
                }
              >
                DESENVOLVIMENTO
              </h3>,
              <ul />,
            ],
            "className": "jobs",
          },
          "ref": null,
          "return": [Circular],
          "selfBaseDuration": 0,
          "sibling": null,
          "stateNode": <section
            class="jobs"
          >
            <h2>
              VAGAS EM ABERTO
            </h2>
            <h3
              style="color: rgb(125, 120, 115);"
            >
              DESENVOLVIMENTO
            </h3>
            <ul />
          </section>,
          "tag": 5,
          "treeBaseDuration": 0,
          "type": "section",
          "updateQueue": null,
        },
        "childExpirationTime": 0,
        "dependencies": null,
        "effectTag": 5,
        "elementType": [Function],
        "expirationTime": 0,
        "firstEffect": null,
        "index": 0,
        "key": null,
        "lastEffect": null,
        "memoizedProps": Object {},
        "memoizedState": Object {
          "listJobs": Array [],
        },
        "mode": 0,
        "nextEffect": null,
        "pendingProps": Object {},
        "ref": null,
        "return": FiberNode {
          "_debugHookTypes": null,
          "_debugID": 128,
          "_debugIsCurrentlyTiming": false,
          "_debugNeedsRemount": false,
          "_debugOwner": null,
          "_debugSource": null,
          "actualDuration": 0,
          "actualStartTime": -1,
          "alternate": null,
          "child": [Circular],
          "childExpirationTime": 0,
          "dependencies": null,
          "effectTag": 1,
          "elementType": [Function],
          "expirationTime": 0,
          "firstEffect": [Circular],
          "index": 0,
          "key": null,
          "lastEffect": [Circular],
          "memoizedProps": Object {
            "Component": [Function],
            "context": null,
            "props": Object {},
            "refProp": null,
            "wrappingComponentProps": null,
          },
          "memoizedState": Object {
            "context": null,
            "mount": true,
            "props": Object {},
            "wrappingComponentProps": null,
          },
          "mode": 0,
          "nextEffect": null,
          "pendingProps": Object {
            "Component": [Function],
            "context": null,
            "props": Object {},
            "refProp": null,
            "wrappingComponentProps": null,
          },
          "ref": null,
          "return": FiberNode {
            "_debugHookTypes": null,
            "_debugID": 125,
            "_debugIsCurrentlyTiming": false,
            "_debugNeedsRemount": false,
            "_debugOwner": null,
            "_debugSource": null,
            "actualDuration": 0,
            "actualStartTime": -1,
            "alternate": FiberNode {
              "_debugHookTypes": null,
              "_debugID": 125,
              "_debugIsCurrentlyTiming": false,
              "_debugNeedsRemount": false,
              "_debugOwner": null,
              "_debugSource": null,
              "actualDuration": 0,
              "actualStartTime": -1,
              "alternate": [Circular],
              "child": null,
              "childExpirationTime": 0,
              "dependencies": null,
              "effectTag": 0,
              "elementType": null,
              "expirationTime": 1073741823,
              "firstEffect": null,
              "index": 0,
              "key": null,
              "lastEffect": null,
              "memoizedProps": null,
              "memoizedState": null,
              "mode": 0,
              "nextEffect": null,
              "pendingProps": null,
              "ref": null,
              "return": null,
              "selfBaseDuration": 0,
              "sibling": null,
              "stateNode": FiberRootNode {
                "callbackExpirationTime": 0,
                "callbackNode": null,
                "callbackPriority": 90,
                "containerInfo": <div>
                  <section
                    class="jobs"
                  >
                    <h2>
                      VAGAS EM ABERTO
                    </h2>
                    <h3
                      style="color: rgb(125, 120, 115);"
                    >
                      DESENVOLVIMENTO
                    </h3>
                    <ul />
                  </section>
                </div>,
                "context": Object {},
                "current": [Circular],
                "finishedExpirationTime": 0,
                "finishedWork": null,
                "firstPendingTime": 0,
                "firstSuspendedTime": 0,
                "hydrate": false,
                "interactionThreadID": 17,
                "lastExpiredTime": 0,
                "lastPingedTime": 0,
                "lastSuspendedTime": 0,
                "memoizedInteractions": Set {},
                "nextKnownPendingLevel": 0,
                "pendingChildren": null,
                "pendingContext": null,
                "pendingInteractionMap": Map {},
                "pingCache": null,
                "tag": 0,
                "timeoutHandle": -1,
              },
              "tag": 3,
              "treeBaseDuration": 0,
              "type": null,
              "updateQueue": Object {
                "baseState": null,
                "firstCapturedEffect": null,
                "firstCapturedUpdate": null,
                "firstEffect": null,
                "firstUpdate": Object {
                  "callback": null,
                  "expirationTime": 1073741823,
                  "next": null,
                  "nextEffect": null,
                  "payload": Object {
                    "element": <WrapperComponent
                      Component={[Function]}
                      context={null}
                      props={Object {}}
                      refProp={null}
                      wrappingComponentProps={null}
                    />,
                  },
                  "priority": 97,
                  "suspenseConfig": null,
                  "tag": 0,
                },
                "lastCapturedEffect": null,
                "lastCapturedUpdate": null,
                "lastEffect": null,
                "lastUpdate": Object {
                  "callback": null,
                  "expirationTime": 1073741823,
                  "next": null,
                  "nextEffect": null,
                  "payload": Object {
                    "element": <WrapperComponent
                      Component={[Function]}
                      context={null}
                      props={Object {}}
                      refProp={null}
                      wrappingComponentProps={null}
                    />,
                  },
                  "priority": 97,
                  "suspenseConfig": null,
                  "tag": 0,
                },
              },
            },
            "child": [Circular],
            "childExpirationTime": 0,
            "dependencies": null,
            "effectTag": 0,
            "elementType": null,
            "expirationTime": 0,
            "firstEffect": [Circular],
            "index": 0,
            "key": null,
            "lastEffect": [Circular],
            "memoizedProps": null,
            "memoizedState": Object {
              "element": <WrapperComponent
                Component={[Function]}
                context={null}
                props={Object {}}
                refProp={null}
                wrappingComponentProps={null}
              />,
            },
            "mode": 0,
            "nextEffect": null,
            "pendingProps": null,
            "ref": null,
            "return": null,
            "selfBaseDuration": 0,
            "sibling": null,
            "stateNode": FiberRootNode {
              "callbackExpirationTime": 0,
              "callbackNode": null,
              "callbackPriority": 90,
              "containerInfo": <div>
                <section
                  class="jobs"
                >
                  <h2>
                    VAGAS EM ABERTO
                  </h2>
                  <h3
                    style="color: rgb(125, 120, 115);"
                  >
                    DESENVOLVIMENTO
                  </h3>
                  <ul />
                </section>
              </div>,
              "context": Object {},
              "current": [Circular],
              "finishedExpirationTime": 0,
              "finishedWork": null,
              "firstPendingTime": 0,
              "firstSuspendedTime": 0,
              "hydrate": false,
              "interactionThreadID": 17,
              "lastExpiredTime": 0,
              "lastPingedTime": 0,
              "lastSuspendedTime": 0,
              "memoizedInteractions": Set {},
              "nextKnownPendingLevel": 0,
              "pendingChildren": null,
              "pendingContext": null,
              "pendingInteractionMap": Map {},
              "pingCache": null,
              "tag": 0,
              "timeoutHandle": -1,
            },
            "tag": 3,
            "treeBaseDuration": 0,
            "type": null,
            "updateQueue": Object {
              "baseState": Object {
                "element": <WrapperComponent
                  Component={[Function]}
                  context={null}
                  props={Object {}}
                  refProp={null}
                  wrappingComponentProps={null}
                />,
              },
              "firstCapturedEffect": null,
              "firstCapturedUpdate": null,
              "firstEffect": null,
              "firstUpdate": null,
              "lastCapturedEffect": null,
              "lastCapturedUpdate": null,
              "lastEffect": null,
              "lastUpdate": null,
            },
          },
          "selfBaseDuration": 0,
          "sibling": null,
          "stateNode": WrapperComponent {
            "_reactInternalFiber": [Circular],
            "_reactInternalInstance": Object {},
            "context": Object {},
            "props": Object {
              "Component": [Function],
              "context": null,
              "props": Object {},
              "refProp": null,
              "wrappingComponentProps": null,
            },
            "refs": Object {},
            "state": Object {
              "context": null,
              "mount": true,
              "props": Object {},
              "wrappingComponentProps": null,
            },
            "updater": Object {
              "enqueueForceUpdate": [Function],
              "enqueueReplaceState": [Function],
              "enqueueSetState": [Function],
              "isMounted": [Function],
            },
          },
          "tag": 1,
          "treeBaseDuration": 0,
          "type": [Function],
          "updateQueue": null,
        },
        "selfBaseDuration": 0,
        "sibling": null,
        "stateNode": [Circular],
        "tag": 1,
        "treeBaseDuration": 0,
        "type": [Function],
        "updateQueue": null,
      },
      "_reactInternalInstance": Object {},
      "checkActivesJobs": [Function],
      "checkLocationJobs": [Function],
      "componentDidMount": [Function],
      "context": Object {},
      "getJobs": [Function],
      "props": Object {},
      "refs": Object {},
      "render": [Function],
      "state": Object {
        "listJobs": Array [],
      },
      "updater": Object {
        "enqueueForceUpdate": [Function],
        "enqueueReplaceState": [Function],
        "enqueueSetState": [Function],
        "isMounted": [Function],
      },
    },
    "key": undefined,
    "nodeType": "class",
    "props": Object {},
    "ref": null,
    "rendered": Object {
      "instance": <section
        class="jobs"
      >
        <h2>
          VAGAS EM ABERTO
        </h2>
        <h3
          style="color: rgb(125, 120, 115);"
        >
          DESENVOLVIMENTO
        </h3>
        <ul />
      </section>,
      "key": undefined,
      "nodeType": "host",
      "props": Object {
        "children": Array [
          <h2>
            VAGAS EM ABERTO
          </h2>,
          <h3
            style={
              Object {
                "color": "#7d7873",
              }
            }
          >
            DESENVOLVIMENTO
          </h3>,
          <ul />,
        ],
        "className": "jobs",
      },
      "ref": null,
      "rendered": Array [
        Object {
          "instance": <h2>
            VAGAS EM ABERTO
          </h2>,
          "key": undefined,
          "nodeType": "host",
          "props": Object {
            "children": "VAGAS EM ABERTO",
          },
          "ref": null,
          "rendered": Array [
            "VAGAS EM ABERTO",
          ],
          "type": "h2",
        },
        Object {
          "instance": <h3
            style="color: rgb(125, 120, 115);"
          >
            DESENVOLVIMENTO
          </h3>,
          "key": undefined,
          "nodeType": "host",
          "props": Object {
            "children": "DESENVOLVIMENTO",
            "style": Object {
              "color": "#7d7873",
            },
          },
          "ref": null,
          "rendered": Array [
            "DESENVOLVIMENTO",
          ],
          "type": "h3",
        },
        Object {
          "instance": <ul />,
          "key": undefined,
          "nodeType": "host",
          "props": Object {
            "children": Array [],
          },
          "ref": null,
          "rendered": Array [
            Array [],
          ],
          "type": "ul",
        },
      ],
      "type": "section",
    },
    "type": [Function],
  },
  Symbol(enzyme.__nodes__): Array [
    Object {
      "instance": Jobs {
        "_reactInternalFiber": FiberNode {
          "_debugHookTypes": null,
          "_debugID": 130,
          "_debugIsCurrentlyTiming": false,
          "_debugNeedsRemount": false,
          "_debugOwner": FiberNode {
            "_debugHookTypes": null,
            "_debugID": 128,
            "_debugIsCurrentlyTiming": false,
            "_debugNeedsRemount": false,
            "_debugOwner": null,
            "_debugSource": null,
            "actualDuration": 0,
            "actualStartTime": -1,
            "alternate": null,
            "child": [Circular],
            "childExpirationTime": 0,
            "dependencies": null,
            "effectTag": 1,
            "elementType": [Function],
            "expirationTime": 0,
            "firstEffect": [Circular],
            "index": 0,
            "key": null,
            "lastEffect": [Circular],
            "memoizedProps": Object {
              "Component": [Function],
              "context": null,
              "props": Object {},
              "refProp": null,
              "wrappingComponentProps": null,
            },
            "memoizedState": Object {
              "context": null,
              "mount": true,
              "props": Object {},
              "wrappingComponentProps": null,
            },
            "mode": 0,
            "nextEffect": null,
            "pendingProps": Object {
              "Component": [Function],
              "context": null,
              "props": Object {},
              "refProp": null,
              "wrappingComponentProps": null,
            },
            "ref": null,
            "return": FiberNode {
              "_debugHookTypes": null,
              "_debugID": 125,
              "_debugIsCurrentlyTiming": false,
              "_debugNeedsRemount": false,
              "_debugOwner": null,
              "_debugSource": null,
              "actualDuration": 0,
              "actualStartTime": -1,
              "alternate": FiberNode {
                "_debugHookTypes": null,
                "_debugID": 125,
                "_debugIsCurrentlyTiming": false,
                "_debugNeedsRemount": false,
                "_debugOwner": null,
                "_debugSource": null,
                "actualDuration": 0,
                "actualStartTime": -1,
                "alternate": [Circular],
                "child": null,
                "childExpirationTime": 0,
                "dependencies": null,
                "effectTag": 0,
                "elementType": null,
                "expirationTime": 1073741823,
                "firstEffect": null,
                "index": 0,
                "key": null,
                "lastEffect": null,
                "memoizedProps": null,
                "memoizedState": null,
                "mode": 0,
                "nextEffect": null,
                "pendingProps": null,
                "ref": null,
                "return": null,
                "selfBaseDuration": 0,
                "sibling": null,
                "stateNode": FiberRootNode {
                  "callbackExpirationTime": 0,
                  "callbackNode": null,
                  "callbackPriority": 90,
                  "containerInfo": <div>
                    <section
                      class="jobs"
                    >
                      <h2>
                        VAGAS EM ABERTO
                      </h2>
                      <h3
                        style="color: rgb(125, 120, 115);"
                      >
                        DESENVOLVIMENTO
                      </h3>
                      <ul />
                    </section>
                  </div>,
                  "context": Object {},
                  "current": [Circular],
                  "finishedExpirationTime": 0,
                  "finishedWork": null,
                  "firstPendingTime": 0,
                  "firstSuspendedTime": 0,
                  "hydrate": false,
                  "interactionThreadID": 17,
                  "lastExpiredTime": 0,
                  "lastPingedTime": 0,
                  "lastSuspendedTime": 0,
                  "memoizedInteractions": Set {},
                  "nextKnownPendingLevel": 0,
                  "pendingChildren": null,
                  "pendingContext": null,
                  "pendingInteractionMap": Map {},
                  "pingCache": null,
                  "tag": 0,
                  "timeoutHandle": -1,
                },
                "tag": 3,
                "treeBaseDuration": 0,
                "type": null,
                "updateQueue": Object {
                  "baseState": null,
                  "firstCapturedEffect": null,
                  "firstCapturedUpdate": null,
                  "firstEffect": null,
                  "firstUpdate": Object {
                    "callback": null,
                    "expirationTime": 1073741823,
                    "next": null,
                    "nextEffect": null,
                    "payload": Object {
                      "element": <WrapperComponent
                        Component={[Function]}
                        context={null}
                        props={Object {}}
                        refProp={null}
                        wrappingComponentProps={null}
                      />,
                    },
                    "priority": 97,
                    "suspenseConfig": null,
                    "tag": 0,
                  },
                  "lastCapturedEffect": null,
                  "lastCapturedUpdate": null,
                  "lastEffect": null,
                  "lastUpdate": Object {
                    "callback": null,
                    "expirationTime": 1073741823,
                    "next": null,
                    "nextEffect": null,
                    "payload": Object {
                      "element": <WrapperComponent
                        Component={[Function]}
                        context={null}
                        props={Object {}}
                        refProp={null}
                        wrappingComponentProps={null}
                      />,
                    },
                    "priority": 97,
                    "suspenseConfig": null,
                    "tag": 0,
                  },
                },
              },
              "child": [Circular],
              "childExpirationTime": 0,
              "dependencies": null,
              "effectTag": 0,
              "elementType": null,
              "expirationTime": 0,
              "firstEffect": [Circular],
              "index": 0,
              "key": null,
              "lastEffect": [Circular],
              "memoizedProps": null,
              "memoizedState": Object {
                "element": <WrapperComponent
                  Component={[Function]}
                  context={null}
                  props={Object {}}
                  refProp={null}
                  wrappingComponentProps={null}
                />,
              },
              "mode": 0,
              "nextEffect": null,
              "pendingProps": null,
              "ref": null,
              "return": null,
              "selfBaseDuration": 0,
              "sibling": null,
              "stateNode": FiberRootNode {
                "callbackExpirationTime": 0,
                "callbackNode": null,
                "callbackPriority": 90,
                "containerInfo": <div>
                  <section
                    class="jobs"
                  >
                    <h2>
                      VAGAS EM ABERTO
                    </h2>
                    <h3
                      style="color: rgb(125, 120, 115);"
                    >
                      DESENVOLVIMENTO
                    </h3>
                    <ul />
                  </section>
                </div>,
                "context": Object {},
                "current": [Circular],
                "finishedExpirationTime": 0,
                "finishedWork": null,
                "firstPendingTime": 0,
                "firstSuspendedTime": 0,
                "hydrate": false,
                "interactionThreadID": 17,
                "lastExpiredTime": 0,
                "lastPingedTime": 0,
                "lastSuspendedTime": 0,
                "memoizedInteractions": Set {},
                "nextKnownPendingLevel": 0,
                "pendingChildren": null,
                "pendingContext": null,
                "pendingInteractionMap": Map {},
                "pingCache": null,
                "tag": 0,
                "timeoutHandle": -1,
              },
              "tag": 3,
              "treeBaseDuration": 0,
              "type": null,
              "updateQueue": Object {
                "baseState": Object {
                  "element": <WrapperComponent
                    Component={[Function]}
                    context={null}
                    props={Object {}}
                    refProp={null}
                    wrappingComponentProps={null}
                  />,
                },
                "firstCapturedEffect": null,
                "firstCapturedUpdate": null,
                "firstEffect": null,
                "firstUpdate": null,
                "lastCapturedEffect": null,
                "lastCapturedUpdate": null,
                "lastEffect": null,
                "lastUpdate": null,
              },
            },
            "selfBaseDuration": 0,
            "sibling": null,
            "stateNode": WrapperComponent {
              "_reactInternalFiber": [Circular],
              "_reactInternalInstance": Object {},
              "context": Object {},
              "props": Object {
                "Component": [Function],
                "context": null,
                "props": Object {},
                "refProp": null,
                "wrappingComponentProps": null,
              },
              "refs": Object {},
              "state": Object {
                "context": null,
                "mount": true,
                "props": Object {},
                "wrappingComponentProps": null,
              },
              "updater": Object {
                "enqueueForceUpdate": [Function],
                "enqueueReplaceState": [Function],
                "enqueueSetState": [Function],
                "isMounted": [Function],
              },
            },
            "tag": 1,
            "treeBaseDuration": 0,
            "type": [Function],
            "updateQueue": null,
          },
          "_debugSource": null,
          "actualDuration": 0,
          "actualStartTime": -1,
          "alternate": null,
          "child": FiberNode {
            "_debugHookTypes": null,
            "_debugID": 132,
            "_debugIsCurrentlyTiming": false,
            "_debugNeedsRemount": false,
            "_debugOwner": [Circular],
            "_debugSource": null,
            "actualDuration": 0,
            "actualStartTime": -1,
            "alternate": null,
            "child": FiberNode {
              "_debugHookTypes": null,
              "_debugID": 134,
              "_debugIsCurrentlyTiming": false,
              "_debugNeedsRemount": false,
              "_debugOwner": [Circular],
              "_debugSource": null,
              "actualDuration": 0,
              "actualStartTime": -1,
              "alternate": null,
              "child": null,
              "childExpirationTime": 0,
              "dependencies": null,
              "effectTag": 0,
              "elementType": "h2",
              "expirationTime": 0,
              "firstEffect": null,
              "index": 0,
              "key": null,
              "lastEffect": null,
              "memoizedProps": Object {
                "children": "VAGAS EM ABERTO",
              },
              "memoizedState": null,
              "mode": 0,
              "nextEffect": null,
              "pendingProps": Object {
                "children": "VAGAS EM ABERTO",
              },
              "ref": null,
              "return": [Circular],
              "selfBaseDuration": 0,
              "sibling": FiberNode {
                "_debugHookTypes": null,
                "_debugID": 135,
                "_debugIsCurrentlyTiming": false,
                "_debugNeedsRemount": false,
                "_debugOwner": [Circular],
                "_debugSource": null,
                "actualDuration": 0,
                "actualStartTime": -1,
                "alternate": null,
                "child": null,
                "childExpirationTime": 0,
                "dependencies": null,
                "effectTag": 0,
                "elementType": "h3",
                "expirationTime": 0,
                "firstEffect": null,
                "index": 1,
                "key": null,
                "lastEffect": null,
                "memoizedProps": Object {
                  "children": "DESENVOLVIMENTO",
                  "style": Object {
                    "color": "#7d7873",
                  },
                },
                "memoizedState": null,
                "mode": 0,
                "nextEffect": null,
                "pendingProps": Object {
                  "children": "DESENVOLVIMENTO",
                  "style": Object {
                    "color": "#7d7873",
                  },
                },
                "ref": null,
                "return": [Circular],
                "selfBaseDuration": 0,
                "sibling": FiberNode {
                  "_debugHookTypes": null,
                  "_debugID": 136,
                  "_debugIsCurrentlyTiming": false,
                  "_debugNeedsRemount": false,
                  "_debugOwner": [Circular],
                  "_debugSource": null,
                  "actualDuration": 0,
                  "actualStartTime": -1,
                  "alternate": null,
                  "child": null,
                  "childExpirationTime": 0,
                  "dependencies": null,
                  "effectTag": 0,
                  "elementType": "ul",
                  "expirationTime": 0,
                  "firstEffect": null,
                  "index": 2,
                  "key": null,
                  "lastEffect": null,
                  "memoizedProps": Object {
                    "children": Array [],
                  },
                  "memoizedState": null,
                  "mode": 0,
                  "nextEffect": null,
                  "pendingProps": Object {
                    "children": Array [],
                  },
                  "ref": null,
                  "return": [Circular],
                  "selfBaseDuration": 0,
                  "sibling": null,
                  "stateNode": <ul />,
                  "tag": 5,
                  "treeBaseDuration": 0,
                  "type": "ul",
                  "updateQueue": null,
                },
                "stateNode": <h3
                  style="color: rgb(125, 120, 115);"
                >
                  DESENVOLVIMENTO
                </h3>,
                "tag": 5,
                "treeBaseDuration": 0,
                "type": "h3",
                "updateQueue": null,
              },
              "stateNode": <h2>
                VAGAS EM ABERTO
              </h2>,
              "tag": 5,
              "treeBaseDuration": 0,
              "type": "h2",
              "updateQueue": null,
            },
            "childExpirationTime": 0,
            "dependencies": null,
            "effectTag": 0,
            "elementType": "section",
            "expirationTime": 0,
            "firstEffect": null,
            "index": 0,
            "key": null,
            "lastEffect": null,
            "memoizedProps": Object {
              "children": Array [
                <h2>
                  VAGAS EM ABERTO
                </h2>,
                <h3
                  style={
                    Object {
                      "color": "#7d7873",
                    }
                  }
                >
                  DESENVOLVIMENTO
                </h3>,
                <ul />,
              ],
              "className": "jobs",
            },
            "memoizedState": null,
            "mode": 0,
            "nextEffect": null,
            "pendingProps": Object {
              "children": Array [
                <h2>
                  VAGAS EM ABERTO
                </h2>,
                <h3
                  style={
                    Object {
                      "color": "#7d7873",
                    }
                  }
                >
                  DESENVOLVIMENTO
                </h3>,
                <ul />,
              ],
              "className": "jobs",
            },
            "ref": null,
            "return": [Circular],
            "selfBaseDuration": 0,
            "sibling": null,
            "stateNode": <section
              class="jobs"
            >
              <h2>
                VAGAS EM ABERTO
              </h2>
              <h3
                style="color: rgb(125, 120, 115);"
              >
                DESENVOLVIMENTO
              </h3>
              <ul />
            </section>,
            "tag": 5,
            "treeBaseDuration": 0,
            "type": "section",
            "updateQueue": null,
          },
          "childExpirationTime": 0,
          "dependencies": null,
          "effectTag": 5,
          "elementType": [Function],
          "expirationTime": 0,
          "firstEffect": null,
          "index": 0,
          "key": null,
          "lastEffect": null,
          "memoizedProps": Object {},
          "memoizedState": Object {
            "listJobs": Array [],
          },
          "mode": 0,
          "nextEffect": null,
          "pendingProps": Object {},
          "ref": null,
          "return": FiberNode {
            "_debugHookTypes": null,
            "_debugID": 128,
            "_debugIsCurrentlyTiming": false,
            "_debugNeedsRemount": false,
            "_debugOwner": null,
            "_debugSource": null,
            "actualDuration": 0,
            "actualStartTime": -1,
            "alternate": null,
            "child": [Circular],
            "childExpirationTime": 0,
            "dependencies": null,
            "effectTag": 1,
            "elementType": [Function],
            "expirationTime": 0,
            "firstEffect": [Circular],
            "index": 0,
            "key": null,
            "lastEffect": [Circular],
            "memoizedProps": Object {
              "Component": [Function],
              "context": null,
              "props": Object {},
              "refProp": null,
              "wrappingComponentProps": null,
            },
            "memoizedState": Object {
              "context": null,
              "mount": true,
              "props": Object {},
              "wrappingComponentProps": null,
            },
            "mode": 0,
            "nextEffect": null,
            "pendingProps": Object {
              "Component": [Function],
              "context": null,
              "props": Object {},
              "refProp": null,
              "wrappingComponentProps": null,
            },
            "ref": null,
            "return": FiberNode {
              "_debugHookTypes": null,
              "_debugID": 125,
              "_debugIsCurrentlyTiming": false,
              "_debugNeedsRemount": false,
              "_debugOwner": null,
              "_debugSource": null,
              "actualDuration": 0,
              "actualStartTime": -1,
              "alternate": FiberNode {
                "_debugHookTypes": null,
                "_debugID": 125,
                "_debugIsCurrentlyTiming": false,
                "_debugNeedsRemount": false,
                "_debugOwner": null,
                "_debugSource": null,
                "actualDuration": 0,
                "actualStartTime": -1,
                "alternate": [Circular],
                "child": null,
                "childExpirationTime": 0,
                "dependencies": null,
                "effectTag": 0,
                "elementType": null,
                "expirationTime": 1073741823,
                "firstEffect": null,
                "index": 0,
                "key": null,
                "lastEffect": null,
                "memoizedProps": null,
                "memoizedState": null,
                "mode": 0,
                "nextEffect": null,
                "pendingProps": null,
                "ref": null,
                "return": null,
                "selfBaseDuration": 0,
                "sibling": null,
                "stateNode": FiberRootNode {
                  "callbackExpirationTime": 0,
                  "callbackNode": null,
                  "callbackPriority": 90,
                  "containerInfo": <div>
                    <section
                      class="jobs"
                    >
                      <h2>
                        VAGAS EM ABERTO
                      </h2>
                      <h3
                        style="color: rgb(125, 120, 115);"
                      >
                        DESENVOLVIMENTO
                      </h3>
                      <ul />
                    </section>
                  </div>,
                  "context": Object {},
                  "current": [Circular],
                  "finishedExpirationTime": 0,
                  "finishedWork": null,
                  "firstPendingTime": 0,
                  "firstSuspendedTime": 0,
                  "hydrate": false,
                  "interactionThreadID": 17,
                  "lastExpiredTime": 0,
                  "lastPingedTime": 0,
                  "lastSuspendedTime": 0,
                  "memoizedInteractions": Set {},
                  "nextKnownPendingLevel": 0,
                  "pendingChildren": null,
                  "pendingContext": null,
                  "pendingInteractionMap": Map {},
                  "pingCache": null,
                  "tag": 0,
                  "timeoutHandle": -1,
                },
                "tag": 3,
                "treeBaseDuration": 0,
                "type": null,
                "updateQueue": Object {
                  "baseState": null,
                  "firstCapturedEffect": null,
                  "firstCapturedUpdate": null,
                  "firstEffect": null,
                  "firstUpdate": Object {
                    "callback": null,
                    "expirationTime": 1073741823,
                    "next": null,
                    "nextEffect": null,
                    "payload": Object {
                      "element": <WrapperComponent
                        Component={[Function]}
                        context={null}
                        props={Object {}}
                        refProp={null}
                        wrappingComponentProps={null}
                      />,
                    },
                    "priority": 97,
                    "suspenseConfig": null,
                    "tag": 0,
                  },
                  "lastCapturedEffect": null,
                  "lastCapturedUpdate": null,
                  "lastEffect": null,
                  "lastUpdate": Object {
                    "callback": null,
                    "expirationTime": 1073741823,
                    "next": null,
                    "nextEffect": null,
                    "payload": Object {
                      "element": <WrapperComponent
                        Component={[Function]}
                        context={null}
                        props={Object {}}
                        refProp={null}
                        wrappingComponentProps={null}
                      />,
                    },
                    "priority": 97,
                    "suspenseConfig": null,
                    "tag": 0,
                  },
                },
              },
              "child": [Circular],
              "childExpirationTime": 0,
              "dependencies": null,
              "effectTag": 0,
              "elementType": null,
              "expirationTime": 0,
              "firstEffect": [Circular],
              "index": 0,
              "key": null,
              "lastEffect": [Circular],
              "memoizedProps": null,
              "memoizedState": Object {
                "element": <WrapperComponent
                  Component={[Function]}
                  context={null}
                  props={Object {}}
                  refProp={null}
                  wrappingComponentProps={null}
                />,
              },
              "mode": 0,
              "nextEffect": null,
              "pendingProps": null,
              "ref": null,
              "return": null,
              "selfBaseDuration": 0,
              "sibling": null,
              "stateNode": FiberRootNode {
                "callbackExpirationTime": 0,
                "callbackNode": null,
                "callbackPriority": 90,
                "containerInfo": <div>
                  <section
                    class="jobs"
                  >
                    <h2>
                      VAGAS EM ABERTO
                    </h2>
                    <h3
                      style="color: rgb(125, 120, 115);"
                    >
                      DESENVOLVIMENTO
                    </h3>
                    <ul />
                  </section>
                </div>,
                "context": Object {},
                "current": [Circular],
                "finishedExpirationTime": 0,
                "finishedWork": null,
                "firstPendingTime": 0,
                "firstSuspendedTime": 0,
                "hydrate": false,
                "interactionThreadID": 17,
                "lastExpiredTime": 0,
                "lastPingedTime": 0,
                "lastSuspendedTime": 0,
                "memoizedInteractions": Set {},
                "nextKnownPendingLevel": 0,
                "pendingChildren": null,
                "pendingContext": null,
                "pendingInteractionMap": Map {},
                "pingCache": null,
                "tag": 0,
                "timeoutHandle": -1,
              },
              "tag": 3,
              "treeBaseDuration": 0,
              "type": null,
              "updateQueue": Object {
                "baseState": Object {
                  "element": <WrapperComponent
                    Component={[Function]}
                    context={null}
                    props={Object {}}
                    refProp={null}
                    wrappingComponentProps={null}
                  />,
                },
                "firstCapturedEffect": null,
                "firstCapturedUpdate": null,
                "firstEffect": null,
                "firstUpdate": null,
                "lastCapturedEffect": null,
                "lastCapturedUpdate": null,
                "lastEffect": null,
                "lastUpdate": null,
              },
            },
            "selfBaseDuration": 0,
            "sibling": null,
            "stateNode": WrapperComponent {
              "_reactInternalFiber": [Circular],
              "_reactInternalInstance": Object {},
              "context": Object {},
              "props": Object {
                "Component": [Function],
                "context": null,
                "props": Object {},
                "refProp": null,
                "wrappingComponentProps": null,
              },
              "refs": Object {},
              "state": Object {
                "context": null,
                "mount": true,
                "props": Object {},
                "wrappingComponentProps": null,
              },
              "updater": Object {
                "enqueueForceUpdate": [Function],
                "enqueueReplaceState": [Function],
                "enqueueSetState": [Function],
                "isMounted": [Function],
              },
            },
            "tag": 1,
            "treeBaseDuration": 0,
            "type": [Function],
            "updateQueue": null,
          },
          "selfBaseDuration": 0,
          "sibling": null,
          "stateNode": [Circular],
          "tag": 1,
          "treeBaseDuration": 0,
          "type": [Function],
          "updateQueue": null,
        },
        "_reactInternalInstance": Object {},
        "checkActivesJobs": [Function],
        "checkLocationJobs": [Function],
        "componentDidMount": [Function],
        "context": Object {},
        "getJobs": [Function],
        "props": Object {},
        "refs": Object {},
        "render": [Function],
        "state": Object {
          "listJobs": Array [],
        },
        "updater": Object {
          "enqueueForceUpdate": [Function],
          "enqueueReplaceState": [Function],
          "enqueueSetState": [Function],
          "isMounted": [Function],
        },
      },
      "key": undefined,
      "nodeType": "class",
      "props": Object {},
      "ref": null,
      "rendered": Object {
        "instance": <section
          class="jobs"
        >
          <h2>
            VAGAS EM ABERTO
          </h2>
          <h3
            style="color: rgb(125, 120, 115);"
          >
            DESENVOLVIMENTO
          </h3>
          <ul />
        </section>,
        "key": undefined,
        "nodeType": "host",
        "props": Object {
          "children": Array [
            <h2>
              VAGAS EM ABERTO
            </h2>,
            <h3
              style={
                Object {
                  "color": "#7d7873",
                }
              }
            >
              DESENVOLVIMENTO
            </h3>,
            <ul />,
          ],
          "className": "jobs",
        },
        "ref": null,
        "rendered": Array [
          Object {
            "instance": <h2>
              VAGAS EM ABERTO
            </h2>,
            "key": undefined,
            "nodeType": "host",
            "props": Object {
              "children": "VAGAS EM ABERTO",
            },
            "ref": null,
            "rendered": Array [
              "VAGAS EM ABERTO",
            ],
            "type": "h2",
          },
          Object {
            "instance": <h3
              style="color: rgb(125, 120, 115);"
            >
              DESENVOLVIMENTO
            </h3>,
            "key": undefined,
            "nodeType": "host",
            "props": Object {
              "children": "DESENVOLVIMENTO",
              "style": Object {
                "color": "#7d7873",
              },
            },
            "ref": null,
            "rendered": Array [
              "DESENVOLVIMENTO",
            ],
            "type": "h3",
          },
          Object {
            "instance": <ul />,
            "key": undefined,
            "nodeType": "host",
            "props": Object {
              "children": Array [],
            },
            "ref": null,
            "rendered": Array [
              Array [],
            ],
            "type": "ul",
          },
        ],
        "type": "section",
      },
      "type": [Function],
    },
  ],
  Symbol(enzyme.__options__): Object {
    "adapter": ReactSixteenAdapter {
      "options": Object {
        "enableComponentDidUpdateOnSetState": true,
        "legacyContextMode": "parent",
        "lifecycles": Object {
          "componentDidUpdate": Object {
            "onSetState": true,
          },
          "getChildContext": Object {
            "calledByRenderer": false,
          },
          "getDerivedStateFromError": true,
          "getDerivedStateFromProps": Object {
            "hasShouldComponentUpdateBug": false,
          },
          "getSnapshotBeforeUpdate": true,
          "setState": Object {
            "skipsComponentDidUpdateOnNullish": true,
          },
        },
      },
    },
  },
  Symbol(enzyme.__linkedRoots__): Array [],
  Symbol(enzyme.__unrendered__): <Jobs />,
  Symbol(enzyme.__updatedBy__): null,
}
`;
